MPLINK 5.00, LINKER
Linker Map File - Created Sun Feb 04 01:46:54 2018

                                 Section Info
                  Section       Type    Address   Location Size(Bytes)
                ---------  ---------  ---------  ---------  ---------
               _entry_scn       code   0x000000    program   0x000006
                   .cinit    romdata   0x000006    program   0x000002
             .code_usb9.o       code   0x000008    program   0x000308
       .code_usbctrltrf.o       code   0x000310    program   0x0002e8
           .code_usbdrv.o       code   0x0005f8    program   0x000186
       .code_user_mouse.o       code   0x00077e    program   0x000072
           .code___init.o       code   0x0007f0    program   0x000002
  _RESET_INTERRUPT_VECTOR       code   0x000800    program   0x000006
              .code_hid.o       code   0x000806    program   0x000224
        .romdata_usbdsc.o    romdata   0x000a2a    program   0x0000f5
         .idata_c018i.o_i    romdata   0x000b1f    program   0x000000
        .romdata___init.o    romdata   0x000b1f    program   0x000000
        .idata___init.o_i    romdata   0x000b1f    program   0x000000
    .romdata_user_mouse.o    romdata   0x000b1f    program   0x000000
    .idata_user_mouse.o_i    romdata   0x000b1f    program   0x000000
           .romdata_hid.o    romdata   0x000b1f    program   0x000000
           .idata_hid.o_i    romdata   0x000b1f    program   0x000000
    .romdata_usbctrltrf.o    romdata   0x000b1f    program   0x000000
    .idata_usbctrltrf.o_i    romdata   0x000b1f    program   0x000000
          .idata_main.o_i    romdata   0x000b1f    program   0x000000
          .romdata_main.o    romdata   0x000b1f    program   0x000000
       .idata_usbmmap.o_i    romdata   0x000b1f    program   0x000000
       .romdata_usbmmap.o    romdata   0x000b1f    program   0x000000
        .idata_usbdrv.o_i    romdata   0x000b1f    program   0x000000
        .romdata_usbdrv.o    romdata   0x000b1f    program   0x000000
          .idata_usb9.o_i    romdata   0x000b1f    program   0x000000
          .romdata_usb9.o    romdata   0x000b1f    program   0x000000
         .romdata_c018i.o    romdata   0x000b1f    program   0x000000
        .idata_usbdsc.o_i    romdata   0x000b1f    program   0x000000
          .code_usbmmap.o       code   0x000b20    program   0x000000
           .code_usbdsc.o       code   0x000b20    program   0x000000
               _cinit_scn       code   0x000b20    program   0x00009e
            .code_c018i.o       code   0x000b20    program   0x000000
             .code_main.o       code   0x000bbe    program   0x000032
                    .code       code   0x000bf0    program   0x000020
             _startup_scn       code   0x000c10    program   0x00001c
                MATH_DATA      udata   0x000000       data   0x000002
                 .tmpdata      udata   0x000002       data   0x000002
           .udata_c018i.o      udata   0x000060       data   0x00000a
      .udata_usbctrltrf.o      udata   0x00006a       data   0x000008
      .udata_user_mouse.o      udata   0x000072       data   0x000004
         .udata_usbmmap.o      udata   0x000076       data   0x000004
             .udata_hid.o      udata   0x00007a       data   0x000003
          .udata_usbdrv.o      udata   0x00007d       data   0x000002
          .idata___init.o      idata   0x00007f       data   0x000000
          .udata___init.o      udata   0x00007f       data   0x000000
      .idata_user_mouse.o      idata   0x00007f       data   0x000000
             .idata_hid.o      idata   0x00007f       data   0x000000
      .idata_usbctrltrf.o      idata   0x00007f       data   0x000000
          .idata_usbdsc.o      idata   0x00007f       data   0x000000
          .udata_usbdsc.o      udata   0x00007f       data   0x000000
            .idata_usb9.o      idata   0x00007f       data   0x000000
            .udata_usb9.o      udata   0x00007f       data   0x000000
          .idata_usbdrv.o      idata   0x00007f       data   0x000000
         .idata_usbmmap.o      idata   0x00007f       data   0x000000
            .idata_main.o      idata   0x00007f       data   0x000000
            .udata_main.o      udata   0x00007f       data   0x000000
           .idata_c018i.o      idata   0x00007f       data   0x000000
                   .stack      udata   0x000300       data   0x000100
                  usbram4      udata   0x000400       data   0x000028
            SFR_UNBANKED0      udata   0x000f62       data   0x00009e



                              Program Memory Usage 
                               Start         End      
                           ---------   ---------      
                            0x000000    0x0007f1      
                            0x000800    0x000b1e      
                            0x000b20    0x000c2b      
            3101 out of 33048 program addresses used, program memory utilization is 9%



                              Symbols - Sorted by Name
                     Name    Address   Location    Storage File                     
                ---------  ---------  ---------  --------- ---------                
          ClassReqHandler   0x000b1d    program     extern F:\Project Task\progressing\USB_Joystick UK\Project\MPLAB\joyneufbuilded1\joyneuf\autofiles\usbdsc.c
               ClearArray   0x000754    program     extern F:\Project Task\progressing\USB_Joystick UK\Project\MPLAB\joyneufbuilded1\joyneuf\system\usb\usbdrv\usbdrv.c
      HIDGetReportHandler   0x000906    program     extern F:\Project Task\progressing\USB_Joystick UK\Project\MPLAB\joyneufbuilded1\joyneuf\system\usb\class\hid\hid.c
                HIDInitEP   0x00090a    program     extern F:\Project Task\progressing\USB_Joystick UK\Project\MPLAB\joyneufbuilded1\joyneuf\system\usb\class\hid\hid.c
              HIDRxReport   0x0009a8    program     extern F:\Project Task\progressing\USB_Joystick UK\Project\MPLAB\joyneufbuilded1\joyneuf\system\usb\class\hid\hid.c
      HIDSetReportHandler   0x000908    program     extern F:\Project Task\progressing\USB_Joystick UK\Project\MPLAB\joyneufbuilded1\joyneuf\system\usb\class\hid\hid.c
              HIDTxReport   0x000934    program     extern F:\Project Task\progressing\USB_Joystick UK\Project\MPLAB\joyneufbuilded1\joyneuf\system\usb\class\hid\hid.c
         InitializeSystem   0x000bca    program     static F:\Project Task\progressing\USB_Joystick UK\Project\MPLAB\joyneufbuilded1\joyneuf\main.c
                ProcessIO   0x000784    program     extern F:\Project Task\progressing\USB_Joystick UK\Project\MPLAB\joyneufbuilded1\joyneuf\user\user_mouse.c
        USBCheckBusStatus   0x0005f8    program     extern F:\Project Task\progressing\USB_Joystick UK\Project\MPLAB\joyneufbuilded1\joyneuf\system\usb\usbdrv\usbdrv.c
       USBCheckHIDRequest   0x000806    program     extern F:\Project Task\progressing\USB_Joystick UK\Project\MPLAB\joyneufbuilded1\joyneuf\system\usb\class\hid\hid.c
       USBCheckStdRequest   0x000008    program     extern F:\Project Task\progressing\USB_Joystick UK\Project\MPLAB\joyneufbuilded1\joyneuf\system\usb\usb9\usb9.c
         USBCtrlEPService   0x000310    program     extern F:\Project Task\progressing\USB_Joystick UK\Project\MPLAB\joyneufbuilded1\joyneuf\system\usb\usbctrltrf\usbctrltrf.c
 USBCtrlEPServiceComplete   0x000550    program     extern F:\Project Task\progressing\USB_Joystick UK\Project\MPLAB\joyneufbuilded1\joyneuf\system\usb\usbctrltrf\usbctrltrf.c
      USBCtrlTrfInHandler   0x0003c0    program     extern F:\Project Task\progressing\USB_Joystick UK\Project\MPLAB\joyneufbuilded1\joyneuf\system\usb\usbctrltrf\usbctrltrf.c
     USBCtrlTrfOutHandler   0x0003a0    program     extern F:\Project Task\progressing\USB_Joystick UK\Project\MPLAB\joyneufbuilded1\joyneuf\system\usb\usbctrltrf\usbctrltrf.c
      USBCtrlTrfRxService   0x0004d6    program     extern F:\Project Task\progressing\USB_Joystick UK\Project\MPLAB\joyneufbuilded1\joyneuf\system\usb\usbctrltrf\usbctrltrf.c
   USBCtrlTrfSetupHandler   0x000334    program     extern F:\Project Task\progressing\USB_Joystick UK\Project\MPLAB\joyneufbuilded1\joyneuf\system\usb\usbctrltrf\usbctrltrf.c
      USBCtrlTrfTxService   0x0003fa    program     extern F:\Project Task\progressing\USB_Joystick UK\Project\MPLAB\joyneufbuilded1\joyneuf\system\usb\usbctrltrf\usbctrltrf.c
         USBDriverService   0x000636    program     extern F:\Project Task\progressing\USB_Joystick UK\Project\MPLAB\joyneufbuilded1\joyneuf\system\usb\usbdrv\usbdrv.c
          USBErrorHandler   0x00070c    program     extern F:\Project Task\progressing\USB_Joystick UK\Project\MPLAB\joyneufbuilded1\joyneuf\system\usb\usbdrv\usbdrv.c
         USBModuleDisable   0x000628    program     extern F:\Project Task\progressing\USB_Joystick UK\Project\MPLAB\joyneufbuilded1\joyneuf\system\usb\usbdrv\usbdrv.c
          USBModuleEnable   0x00061a    program     extern F:\Project Task\progressing\USB_Joystick UK\Project\MPLAB\joyneufbuilded1\joyneuf\system\usb\usbdrv\usbdrv.c
USBPrepareForNextSetupTrf   0x0005dc    program     extern F:\Project Task\progressing\USB_Joystick UK\Project\MPLAB\joyneufbuilded1\joyneuf\system\usb\usbctrltrf\usbctrltrf.c
  USBProtocolResetHandler   0x000710    program     extern F:\Project Task\progressing\USB_Joystick UK\Project\MPLAB\joyneufbuilded1\joyneuf\system\usb\usbdrv\usbdrv.c
          USBRemoteWakeup   0x0006d6    program     extern F:\Project Task\progressing\USB_Joystick UK\Project\MPLAB\joyneufbuilded1\joyneuf\system\usb\usbdrv\usbdrv.c
            USBSoftDetach   0x000632    program     extern F:\Project Task\progressing\USB_Joystick UK\Project\MPLAB\joyneufbuilded1\joyneuf\system\usb\usbdrv\usbdrv.c
          USBStallHandler   0x0006fe    program     extern F:\Project Task\progressing\USB_Joystick UK\Project\MPLAB\joyneufbuilded1\joyneuf\system\usb\usbdrv\usbdrv.c
  USBStdFeatureReqHandler   0x00026e    program     extern F:\Project Task\progressing\USB_Joystick UK\Project\MPLAB\joyneufbuilded1\joyneuf\system\usb\usb9\usb9.c
      USBStdGetDscHandler   0x0000ca    program     extern F:\Project Task\progressing\USB_Joystick UK\Project\MPLAB\joyneufbuilded1\joyneuf\system\usb\usb9\usb9.c
   USBStdGetStatusHandler   0x0001d2    program     extern F:\Project Task\progressing\USB_Joystick UK\Project\MPLAB\joyneufbuilded1\joyneuf\system\usb\usb9\usb9.c
      USBStdSetCfgHandler   0x000182    program     extern F:\Project Task\progressing\USB_Joystick UK\Project\MPLAB\joyneufbuilded1\joyneuf\system\usb\usb9\usb9.c
               USBSuspend   0x0006b4    program     extern F:\Project Task\progressing\USB_Joystick UK\Project\MPLAB\joyneufbuilded1\joyneuf\system\usb\usbdrv\usbdrv.c
                 USBTasks   0x000be2    program     extern F:\Project Task\progressing\USB_Joystick UK\Project\MPLAB\joyneufbuilded1\joyneuf\main.c
       USBWakeFromSuspend   0x0006ce    program     extern F:\Project Task\progressing\USB_Joystick UK\Project\MPLAB\joyneufbuilded1\joyneuf\system\usb\usbdrv\usbdrv.c
               USB_CD_Ptr   0x000b13    program     extern F:\Project Task\progressing\USB_Joystick UK\Project\MPLAB\joyneufbuilded1\joyneuf\autofiles\usbdsc.c
               USB_SD_Ptr   0x000b17    program     extern F:\Project Task\progressing\USB_Joystick UK\Project\MPLAB\joyneufbuilded1\joyneuf\autofiles\usbdsc.c
          USB_SOF_Handler   0x0006fa    program     extern F:\Project Task\progressing\USB_Joystick UK\Project\MPLAB\joyneufbuilded1\joyneuf\system\usb\usbdrv\usbdrv.c
                 UserInit   0x00077e    program     extern F:\Project Task\progressing\USB_Joystick UK\Project\MPLAB\joyneufbuilded1\joyneuf\user\user_mouse.c
           ___if_lbl00029   0x0006c8    program     static                          
       ___return_lbl00000   0x000804    program     static                          
       ___return_lbl00000   0x000004    program     static                          
       ___return_lbl00001   0x000c2a    program     static                          
       ___return_lbl00002   0x000bbc    program     static                          
       ___return_lbl00028   0x0006cc    program     static                          
       ___return_lbl00043   0x000776    program     static                          
        ___while_lbl00044   0x000768    program     static                          
        ___while_lbl00045   0x000776    program     static                          
                   __init   0x0007f0    program     extern E:\3.46\pic18-lt\cxx-framework\src\traditional\stdclib\__init.c
            __zero_memory   0x000bf0    program     extern E:\3.46\pic18-lt\cxx-framework\src\traditional\proc\p18f4550.asm
                _do_cinit   0x000b20    program     extern E:\3.46\pic18-lt\cxx-framework\src\traditional\startup\c018i.c
                   _entry   0x000000    program     extern E:\3.46\pic18-lt\cxx-framework\src\traditional\startup\c018i.c
                   _reset   0x000800    program     extern F:\Project Task\progressing\USB_Joystick UK\Project\MPLAB\joyneufbuilded1\joyneuf\main.c
                 _startup   0x000c10    program     extern E:\3.46\pic18-lt\cxx-framework\src\traditional\startup\c018i.c
                    cfg01   0x000a3c    program     extern F:\Project Task\progressing\USB_Joystick UK\Project\MPLAB\joyneufbuilded1\joyneuf\autofiles\usbdsc.c
                compare_l   0x000c06    program     static E:\3.46\pic18-lt\cxx-framework\src\traditional\proc\p18f4550.asm
                copy_loop   0x000b92    program     static                          
            copy_one_byte   0x000b98    program     static                          
               device_dsc   0x000a2a    program     extern F:\Project Task\progressing\USB_Joystick UK\Project\MPLAB\joyneufbuilded1\joyneuf\autofiles\usbdsc.c
                     done   0x000bbc    program     static                          
             done_copying   0x000ba6    program     static                          
                hid_rpt01   0x000ac4    program     extern F:\Project Task\progressing\USB_Joystick UK\Project\MPLAB\joyneufbuilded1\joyneuf\autofiles\usbdsc.c
                     loop   0x000c20    program     static                          
                   loop_h   0x000bfe    program     static E:\3.46\pic18-lt\cxx-framework\src\traditional\proc\p18f4550.asm
                   loop_l   0x000c08    program     static E:\3.46\pic18-lt\cxx-framework\src\traditional\proc\p18f4550.asm
                     main   0x000bbe    program     extern F:\Project Task\progressing\USB_Joystick UK\Project\MPLAB\joyneufbuilded1\joyneuf\main.c
                    sd000   0x000a5e    program     extern F:\Project Task\progressing\USB_Joystick UK\Project\MPLAB\joyneufbuilded1\joyneuf\autofiles\usbdsc.c
                    sd001   0x000a62    program     extern F:\Project Task\progressing\USB_Joystick UK\Project\MPLAB\joyneufbuilded1\joyneuf\autofiles\usbdsc.c
                    sd002   0x000a96    program     extern F:\Project Task\progressing\USB_Joystick UK\Project\MPLAB\joyneufbuilded1\joyneuf\autofiles\usbdsc.c
                     test   0x000b3a    program     static                          
               zero_block   0x000bfe    program     static E:\3.46\pic18-lt\cxx-framework\src\traditional\proc\p18f4550.asm
                   ADCON0   0x000fc2       data     extern E:\3.46\pic18-lt\cxx-framework\src\traditional\proc\p18f4550.asm
               ADCON0bits   0x000fc2       data     extern E:\3.46\pic18-lt\cxx-framework\src\traditional\proc\p18f4550.asm
                   ADCON1   0x000fc1       data     extern E:\3.46\pic18-lt\cxx-framework\src\traditional\proc\p18f4550.asm
               ADCON1bits   0x000fc1       data     extern E:\3.46\pic18-lt\cxx-framework\src\traditional\proc\p18f4550.asm
                   ADCON2   0x000fc0       data     extern E:\3.46\pic18-lt\cxx-framework\src\traditional\proc\p18f4550.asm
               ADCON2bits   0x000fc0       data     extern E:\3.46\pic18-lt\cxx-framework\src\traditional\proc\p18f4550.asm
                    ADRES   0x000fc3       data     extern E:\3.46\pic18-lt\cxx-framework\src\traditional\proc\p18f4550.asm
                   ADRESH   0x000fc4       data     extern E:\3.46\pic18-lt\cxx-framework\src\traditional\proc\p18f4550.asm
                   ADRESL   0x000fc3       data     extern E:\3.46\pic18-lt\cxx-framework\src\traditional\proc\p18f4550.asm
                  BAUDCON   0x000fb8       data     extern E:\3.46\pic18-lt\cxx-framework\src\traditional\proc\p18f4550.asm
              BAUDCONbits   0x000fb8       data     extern E:\3.46\pic18-lt\cxx-framework\src\traditional\proc\p18f4550.asm
                  BAUDCTL   0x000fb8       data     extern E:\3.46\pic18-lt\cxx-framework\src\traditional\proc\p18f4550.asm
              BAUDCTLbits   0x000fb8       data     extern E:\3.46\pic18-lt\cxx-framework\src\traditional\proc\p18f4550.asm
                      BSR   0x000fe0       data     extern E:\3.46\pic18-lt\cxx-framework\src\traditional\proc\p18f4550.asm
                   CCP1AS   0x000fb6       data     extern E:\3.46\pic18-lt\cxx-framework\src\traditional\proc\p18f4550.asm
               CCP1ASbits   0x000fb6       data     extern E:\3.46\pic18-lt\cxx-framework\src\traditional\proc\p18f4550.asm
                  CCP1CON   0x000fbd       data     extern E:\3.46\pic18-lt\cxx-framework\src\traditional\proc\p18f4550.asm
              CCP1CONbits   0x000fbd       data     extern E:\3.46\pic18-lt\cxx-framework\src\traditional\proc\p18f4550.asm
                  CCP1DEL   0x000fb7       data     extern E:\3.46\pic18-lt\cxx-framework\src\traditional\proc\p18f4550.asm
              CCP1DELbits   0x000fb7       data     extern E:\3.46\pic18-lt\cxx-framework\src\traditional\proc\p18f4550.asm
                  CCP2CON   0x000fba       data     extern E:\3.46\pic18-lt\cxx-framework\src\traditional\proc\p18f4550.asm
              CCP2CONbits   0x000fba       data     extern E:\3.46\pic18-lt\cxx-framework\src\traditional\proc\p18f4550.asm
                    CCPR1   0x000fbe       data     extern E:\3.46\pic18-lt\cxx-framework\src\traditional\proc\p18f4550.asm
                   CCPR1H   0x000fbf       data     extern E:\3.46\pic18-lt\cxx-framework\src\traditional\proc\p18f4550.asm
                   CCPR1L   0x000fbe       data     extern E:\3.46\pic18-lt\cxx-framework\src\traditional\proc\p18f4550.asm
                    CCPR2   0x000fbb       data     extern E:\3.46\pic18-lt\cxx-framework\src\traditional\proc\p18f4550.asm
                   CCPR2H   0x000fbc       data     extern E:\3.46\pic18-lt\cxx-framework\src\traditional\proc\p18f4550.asm
                   CCPR2L   0x000fbb       data     extern E:\3.46\pic18-lt\cxx-framework\src\traditional\proc\p18f4550.asm
                    CMCON   0x000fb4       data     extern E:\3.46\pic18-lt\cxx-framework\src\traditional\proc\p18f4550.asm
                CMCONbits   0x000fb4       data     extern E:\3.46\pic18-lt\cxx-framework\src\traditional\proc\p18f4550.asm
                   CVRCON   0x000fb5       data     extern E:\3.46\pic18-lt\cxx-framework\src\traditional\proc\p18f4550.asm
               CVRCONbits   0x000fb5       data     extern E:\3.46\pic18-lt\cxx-framework\src\traditional\proc\p18f4550.asm
              CtrlTrfData   0x000418       data     extern F:\Project Task\progressing\USB_Joystick UK\Project\MPLAB\joyneufbuilded1\joyneuf\system\usb\usbmmap.c
                     DDRA   0x000f92       data     extern E:\3.46\pic18-lt\cxx-framework\src\traditional\proc\p18f4550.asm
                 DDRAbits   0x000f92       data     extern E:\3.46\pic18-lt\cxx-framework\src\traditional\proc\p18f4550.asm
                     DDRB   0x000f93       data     extern E:\3.46\pic18-lt\cxx-framework\src\traditional\proc\p18f4550.asm
                 DDRBbits   0x000f93       data     extern E:\3.46\pic18-lt\cxx-framework\src\traditional\proc\p18f4550.asm
                     DDRC   0x000f94       data     extern E:\3.46\pic18-lt\cxx-framework\src\traditional\proc\p18f4550.asm
                 DDRCbits   0x000f94       data     extern E:\3.46\pic18-lt\cxx-framework\src\traditional\proc\p18f4550.asm
                     DDRD   0x000f95       data     extern E:\3.46\pic18-lt\cxx-framework\src\traditional\proc\p18f4550.asm
                 DDRDbits   0x000f95       data     extern E:\3.46\pic18-lt\cxx-framework\src\traditional\proc\p18f4550.asm
                     DDRE   0x000f96       data     extern E:\3.46\pic18-lt\cxx-framework\src\traditional\proc\p18f4550.asm
                 DDREbits   0x000f96       data     extern E:\3.46\pic18-lt\cxx-framework\src\traditional\proc\p18f4550.asm
                  ECCP1AS   0x000fb6       data     extern E:\3.46\pic18-lt\cxx-framework\src\traditional\proc\p18f4550.asm
              ECCP1ASbits   0x000fb6       data     extern E:\3.46\pic18-lt\cxx-framework\src\traditional\proc\p18f4550.asm
                 ECCP1CON   0x000fbd       data     extern E:\3.46\pic18-lt\cxx-framework\src\traditional\proc\p18f4550.asm
             ECCP1CONbits   0x000fbd       data     extern E:\3.46\pic18-lt\cxx-framework\src\traditional\proc\p18f4550.asm
                 ECCP1DEL   0x000fb7       data     extern E:\3.46\pic18-lt\cxx-framework\src\traditional\proc\p18f4550.asm
             ECCP1DELbits   0x000fb7       data     extern E:\3.46\pic18-lt\cxx-framework\src\traditional\proc\p18f4550.asm
                    EEADR   0x000fa9       data     extern E:\3.46\pic18-lt\cxx-framework\src\traditional\proc\p18f4550.asm
                   EECON1   0x000fa6       data     extern E:\3.46\pic18-lt\cxx-framework\src\traditional\proc\p18f4550.asm
               EECON1bits   0x000fa6       data     extern E:\3.46\pic18-lt\cxx-framework\src\traditional\proc\p18f4550.asm
                   EECON2   0x000fa7       data     extern E:\3.46\pic18-lt\cxx-framework\src\traditional\proc\p18f4550.asm
                   EEDATA   0x000fa8       data     extern E:\3.46\pic18-lt\cxx-framework\src\traditional\proc\p18f4550.asm
                     FSR0   0x000fe9       data     extern E:\3.46\pic18-lt\cxx-framework\src\traditional\proc\p18f4550.asm
                    FSR0H   0x000fea       data     extern E:\3.46\pic18-lt\cxx-framework\src\traditional\proc\p18f4550.asm
                    FSR0L   0x000fe9       data     extern E:\3.46\pic18-lt\cxx-framework\src\traditional\proc\p18f4550.asm
                     FSR1   0x000fe1       data     extern E:\3.46\pic18-lt\cxx-framework\src\traditional\proc\p18f4550.asm
                    FSR1H   0x000fe2       data     extern E:\3.46\pic18-lt\cxx-framework\src\traditional\proc\p18f4550.asm
                    FSR1L   0x000fe1       data     extern E:\3.46\pic18-lt\cxx-framework\src\traditional\proc\p18f4550.asm
                     FSR2   0x000fd9       data     extern E:\3.46\pic18-lt\cxx-framework\src\traditional\proc\p18f4550.asm
                    FSR2H   0x000fda       data     extern E:\3.46\pic18-lt\cxx-framework\src\traditional\proc\p18f4550.asm
                    FSR2L   0x000fd9       data     extern E:\3.46\pic18-lt\cxx-framework\src\traditional\proc\p18f4550.asm
                  HLVDCON   0x000fd2       data     extern E:\3.46\pic18-lt\cxx-framework\src\traditional\proc\p18f4550.asm
              HLVDCONbits   0x000fd2       data     extern E:\3.46\pic18-lt\cxx-framework\src\traditional\proc\p18f4550.asm
                    INDF0   0x000fef       data     extern E:\3.46\pic18-lt\cxx-framework\src\traditional\proc\p18f4550.asm
                    INDF1   0x000fe7       data     extern E:\3.46\pic18-lt\cxx-framework\src\traditional\proc\p18f4550.asm
                    INDF2   0x000fdf       data     extern E:\3.46\pic18-lt\cxx-framework\src\traditional\proc\p18f4550.asm
                   INTCON   0x000ff2       data     extern E:\3.46\pic18-lt\cxx-framework\src\traditional\proc\p18f4550.asm
                  INTCON2   0x000ff1       data     extern E:\3.46\pic18-lt\cxx-framework\src\traditional\proc\p18f4550.asm
              INTCON2bits   0x000ff1       data     extern E:\3.46\pic18-lt\cxx-framework\src\traditional\proc\p18f4550.asm
                  INTCON3   0x000ff0       data     extern E:\3.46\pic18-lt\cxx-framework\src\traditional\proc\p18f4550.asm
              INTCON3bits   0x000ff0       data     extern E:\3.46\pic18-lt\cxx-framework\src\traditional\proc\p18f4550.asm
               INTCONbits   0x000ff2       data     extern E:\3.46\pic18-lt\cxx-framework\src\traditional\proc\p18f4550.asm
                     IPR1   0x000f9f       data     extern E:\3.46\pic18-lt\cxx-framework\src\traditional\proc\p18f4550.asm
                 IPR1bits   0x000f9f       data     extern E:\3.46\pic18-lt\cxx-framework\src\traditional\proc\p18f4550.asm
                     IPR2   0x000fa2       data     extern E:\3.46\pic18-lt\cxx-framework\src\traditional\proc\p18f4550.asm
                 IPR2bits   0x000fa2       data     extern E:\3.46\pic18-lt\cxx-framework\src\traditional\proc\p18f4550.asm
                     LATA   0x000f89       data     extern E:\3.46\pic18-lt\cxx-framework\src\traditional\proc\p18f4550.asm
                 LATAbits   0x000f89       data     extern E:\3.46\pic18-lt\cxx-framework\src\traditional\proc\p18f4550.asm
                     LATB   0x000f8a       data     extern E:\3.46\pic18-lt\cxx-framework\src\traditional\proc\p18f4550.asm
                 LATBbits   0x000f8a       data     extern E:\3.46\pic18-lt\cxx-framework\src\traditional\proc\p18f4550.asm
                     LATC   0x000f8b       data     extern E:\3.46\pic18-lt\cxx-framework\src\traditional\proc\p18f4550.asm
                 LATCbits   0x000f8b       data     extern E:\3.46\pic18-lt\cxx-framework\src\traditional\proc\p18f4550.asm
                     LATD   0x000f8c       data     extern E:\3.46\pic18-lt\cxx-framework\src\traditional\proc\p18f4550.asm
                 LATDbits   0x000f8c       data     extern E:\3.46\pic18-lt\cxx-framework\src\traditional\proc\p18f4550.asm
                     LATE   0x000f8d       data     extern E:\3.46\pic18-lt\cxx-framework\src\traditional\proc\p18f4550.asm
                 LATEbits   0x000f8d       data     extern E:\3.46\pic18-lt\cxx-framework\src\traditional\proc\p18f4550.asm
                   LVDCON   0x000fd2       data     extern E:\3.46\pic18-lt\cxx-framework\src\traditional\proc\p18f4550.asm
               LVDCONbits   0x000fd2       data     extern E:\3.46\pic18-lt\cxx-framework\src\traditional\proc\p18f4550.asm
                   OSCCON   0x000fd3       data     extern E:\3.46\pic18-lt\cxx-framework\src\traditional\proc\p18f4550.asm
               OSCCONbits   0x000fd3       data     extern E:\3.46\pic18-lt\cxx-framework\src\traditional\proc\p18f4550.asm
                  OSCTUNE   0x000f9b       data     extern E:\3.46\pic18-lt\cxx-framework\src\traditional\proc\p18f4550.asm
              OSCTUNEbits   0x000f9b       data     extern E:\3.46\pic18-lt\cxx-framework\src\traditional\proc\p18f4550.asm
                       PC   0x000ff9       data     extern E:\3.46\pic18-lt\cxx-framework\src\traditional\proc\p18f4550.asm
                      PCL   0x000ff9       data     extern E:\3.46\pic18-lt\cxx-framework\src\traditional\proc\p18f4550.asm
                   PCLATH   0x000ffa       data     extern E:\3.46\pic18-lt\cxx-framework\src\traditional\proc\p18f4550.asm
                   PCLATU   0x000ffb       data     extern E:\3.46\pic18-lt\cxx-framework\src\traditional\proc\p18f4550.asm
                     PIE1   0x000f9d       data     extern E:\3.46\pic18-lt\cxx-framework\src\traditional\proc\p18f4550.asm
                 PIE1bits   0x000f9d       data     extern E:\3.46\pic18-lt\cxx-framework\src\traditional\proc\p18f4550.asm
                     PIE2   0x000fa0       data     extern E:\3.46\pic18-lt\cxx-framework\src\traditional\proc\p18f4550.asm
                 PIE2bits   0x000fa0       data     extern E:\3.46\pic18-lt\cxx-framework\src\traditional\proc\p18f4550.asm
                     PIR1   0x000f9e       data     extern E:\3.46\pic18-lt\cxx-framework\src\traditional\proc\p18f4550.asm
                 PIR1bits   0x000f9e       data     extern E:\3.46\pic18-lt\cxx-framework\src\traditional\proc\p18f4550.asm
                     PIR2   0x000fa1       data     extern E:\3.46\pic18-lt\cxx-framework\src\traditional\proc\p18f4550.asm
                 PIR2bits   0x000fa1       data     extern E:\3.46\pic18-lt\cxx-framework\src\traditional\proc\p18f4550.asm
                   PLUSW0   0x000feb       data     extern E:\3.46\pic18-lt\cxx-framework\src\traditional\proc\p18f4550.asm
                   PLUSW1   0x000fe3       data     extern E:\3.46\pic18-lt\cxx-framework\src\traditional\proc\p18f4550.asm
                   PLUSW2   0x000fdb       data     extern E:\3.46\pic18-lt\cxx-framework\src\traditional\proc\p18f4550.asm
                    PORTA   0x000f80       data     extern E:\3.46\pic18-lt\cxx-framework\src\traditional\proc\p18f4550.asm
                PORTAbits   0x000f80       data     extern E:\3.46\pic18-lt\cxx-framework\src\traditional\proc\p18f4550.asm
                    PORTB   0x000f81       data     extern E:\3.46\pic18-lt\cxx-framework\src\traditional\proc\p18f4550.asm
                PORTBbits   0x000f81       data     extern E:\3.46\pic18-lt\cxx-framework\src\traditional\proc\p18f4550.asm
                    PORTC   0x000f82       data     extern E:\3.46\pic18-lt\cxx-framework\src\traditional\proc\p18f4550.asm
                PORTCbits   0x000f82       data     extern E:\3.46\pic18-lt\cxx-framework\src\traditional\proc\p18f4550.asm
                    PORTD   0x000f83       data     extern E:\3.46\pic18-lt\cxx-framework\src\traditional\proc\p18f4550.asm
                PORTDbits   0x000f83       data     extern E:\3.46\pic18-lt\cxx-framework\src\traditional\proc\p18f4550.asm
                    PORTE   0x000f84       data     extern E:\3.46\pic18-lt\cxx-framework\src\traditional\proc\p18f4550.asm
                PORTEbits   0x000f84       data     extern E:\3.46\pic18-lt\cxx-framework\src\traditional\proc\p18f4550.asm
                 POSTDEC0   0x000fed       data     extern E:\3.46\pic18-lt\cxx-framework\src\traditional\proc\p18f4550.asm
                 POSTDEC1   0x000fe5       data     extern E:\3.46\pic18-lt\cxx-framework\src\traditional\proc\p18f4550.asm
                 POSTDEC2   0x000fdd       data     extern E:\3.46\pic18-lt\cxx-framework\src\traditional\proc\p18f4550.asm
                 POSTINC0   0x000fee       data     extern E:\3.46\pic18-lt\cxx-framework\src\traditional\proc\p18f4550.asm
                 POSTINC1   0x000fe6       data     extern E:\3.46\pic18-lt\cxx-framework\src\traditional\proc\p18f4550.asm
                 POSTINC2   0x000fde       data     extern E:\3.46\pic18-lt\cxx-framework\src\traditional\proc\p18f4550.asm
                      PR2   0x000fcb       data     extern E:\3.46\pic18-lt\cxx-framework\src\traditional\proc\p18f4550.asm
                  PREINC0   0x000fec       data     extern E:\3.46\pic18-lt\cxx-framework\src\traditional\proc\p18f4550.asm
                  PREINC1   0x000fe4       data     extern E:\3.46\pic18-lt\cxx-framework\src\traditional\proc\p18f4550.asm
                  PREINC2   0x000fdc       data     extern E:\3.46\pic18-lt\cxx-framework\src\traditional\proc\p18f4550.asm
                     PROD   0x000ff3       data     extern E:\3.46\pic18-lt\cxx-framework\src\traditional\proc\p18f4550.asm
                    PRODH   0x000ff4       data     extern E:\3.46\pic18-lt\cxx-framework\src\traditional\proc\p18f4550.asm
                    PRODL   0x000ff3       data     extern E:\3.46\pic18-lt\cxx-framework\src\traditional\proc\p18f4550.asm
                     RCON   0x000fd0       data     extern E:\3.46\pic18-lt\cxx-framework\src\traditional\proc\p18f4550.asm
                 RCONbits   0x000fd0       data     extern E:\3.46\pic18-lt\cxx-framework\src\traditional\proc\p18f4550.asm
                    RCREG   0x000fae       data     extern E:\3.46\pic18-lt\cxx-framework\src\traditional\proc\p18f4550.asm
                    RCSTA   0x000fab       data     extern E:\3.46\pic18-lt\cxx-framework\src\traditional\proc\p18f4550.asm
                RCSTAbits   0x000fab       data     extern E:\3.46\pic18-lt\cxx-framework\src\traditional\proc\p18f4550.asm
                     SIGN   0x000000       data     extern E:\3.46\pic18-lt\cxx-framework\src\traditional\math\cmath18.asm
                    SPBRG   0x000faf       data     extern E:\3.46\pic18-lt\cxx-framework\src\traditional\proc\p18f4550.asm
                   SPBRGH   0x000fb0       data     extern E:\3.46\pic18-lt\cxx-framework\src\traditional\proc\p18f4550.asm
                   SPPCFG   0x000f63       data     extern E:\3.46\pic18-lt\cxx-framework\src\traditional\proc\p18f4550.asm
               SPPCFGbits   0x000f63       data     extern E:\3.46\pic18-lt\cxx-framework\src\traditional\proc\p18f4550.asm
                   SPPCON   0x000f65       data     extern E:\3.46\pic18-lt\cxx-framework\src\traditional\proc\p18f4550.asm
               SPPCONbits   0x000f65       data     extern E:\3.46\pic18-lt\cxx-framework\src\traditional\proc\p18f4550.asm
                  SPPDATA   0x000f62       data     extern E:\3.46\pic18-lt\cxx-framework\src\traditional\proc\p18f4550.asm
                   SPPEPS   0x000f64       data     extern E:\3.46\pic18-lt\cxx-framework\src\traditional\proc\p18f4550.asm
               SPPEPSbits   0x000f64       data     extern E:\3.46\pic18-lt\cxx-framework\src\traditional\proc\p18f4550.asm
                   SSPADD   0x000fc8       data     extern E:\3.46\pic18-lt\cxx-framework\src\traditional\proc\p18f4550.asm
                   SSPBUF   0x000fc9       data     extern E:\3.46\pic18-lt\cxx-framework\src\traditional\proc\p18f4550.asm
                  SSPCON1   0x000fc6       data     extern E:\3.46\pic18-lt\cxx-framework\src\traditional\proc\p18f4550.asm
              SSPCON1bits   0x000fc6       data     extern E:\3.46\pic18-lt\cxx-framework\src\traditional\proc\p18f4550.asm
                  SSPCON2   0x000fc5       data     extern E:\3.46\pic18-lt\cxx-framework\src\traditional\proc\p18f4550.asm
              SSPCON2bits   0x000fc5       data     extern E:\3.46\pic18-lt\cxx-framework\src\traditional\proc\p18f4550.asm
                  SSPSTAT   0x000fc7       data     extern E:\3.46\pic18-lt\cxx-framework\src\traditional\proc\p18f4550.asm
              SSPSTATbits   0x000fc7       data     extern E:\3.46\pic18-lt\cxx-framework\src\traditional\proc\p18f4550.asm
                   STATUS   0x000fd8       data     extern E:\3.46\pic18-lt\cxx-framework\src\traditional\proc\p18f4550.asm
               STATUSbits   0x000fd8       data     extern E:\3.46\pic18-lt\cxx-framework\src\traditional\proc\p18f4550.asm
                   STKPTR   0x000ffc       data     extern E:\3.46\pic18-lt\cxx-framework\src\traditional\proc\p18f4550.asm
               STKPTRbits   0x000ffc       data     extern E:\3.46\pic18-lt\cxx-framework\src\traditional\proc\p18f4550.asm
                 SetupPkt   0x000410       data     extern F:\Project Task\progressing\USB_Joystick UK\Project\MPLAB\joyneufbuilded1\joyneuf\system\usb\usbmmap.c
                    T0CON   0x000fd5       data     extern E:\3.46\pic18-lt\cxx-framework\src\traditional\proc\p18f4550.asm
                T0CONbits   0x000fd5       data     extern E:\3.46\pic18-lt\cxx-framework\src\traditional\proc\p18f4550.asm
                    T1CON   0x000fcd       data     extern E:\3.46\pic18-lt\cxx-framework\src\traditional\proc\p18f4550.asm
                T1CONbits   0x000fcd       data     extern E:\3.46\pic18-lt\cxx-framework\src\traditional\proc\p18f4550.asm
                    T2CON   0x000fca       data     extern E:\3.46\pic18-lt\cxx-framework\src\traditional\proc\p18f4550.asm
                T2CONbits   0x000fca       data     extern E:\3.46\pic18-lt\cxx-framework\src\traditional\proc\p18f4550.asm
                    T3CON   0x000fb1       data     extern E:\3.46\pic18-lt\cxx-framework\src\traditional\proc\p18f4550.asm
                T3CONbits   0x000fb1       data     extern E:\3.46\pic18-lt\cxx-framework\src\traditional\proc\p18f4550.asm
                   TABLAT   0x000ff5       data     extern E:\3.46\pic18-lt\cxx-framework\src\traditional\proc\p18f4550.asm
                   TBLPTR   0x000ff6       data     extern E:\3.46\pic18-lt\cxx-framework\src\traditional\proc\p18f4550.asm
                  TBLPTRH   0x000ff7       data     extern E:\3.46\pic18-lt\cxx-framework\src\traditional\proc\p18f4550.asm
                  TBLPTRL   0x000ff6       data     extern E:\3.46\pic18-lt\cxx-framework\src\traditional\proc\p18f4550.asm
                  TBLPTRU   0x000ff8       data     extern E:\3.46\pic18-lt\cxx-framework\src\traditional\proc\p18f4550.asm
                    TMR0H   0x000fd7       data     extern E:\3.46\pic18-lt\cxx-framework\src\traditional\proc\p18f4550.asm
                    TMR0L   0x000fd6       data     extern E:\3.46\pic18-lt\cxx-framework\src\traditional\proc\p18f4550.asm
                    TMR1H   0x000fcf       data     extern E:\3.46\pic18-lt\cxx-framework\src\traditional\proc\p18f4550.asm
                    TMR1L   0x000fce       data     extern E:\3.46\pic18-lt\cxx-framework\src\traditional\proc\p18f4550.asm
                     TMR2   0x000fcc       data     extern E:\3.46\pic18-lt\cxx-framework\src\traditional\proc\p18f4550.asm
                    TMR3H   0x000fb3       data     extern E:\3.46\pic18-lt\cxx-framework\src\traditional\proc\p18f4550.asm
                    TMR3L   0x000fb2       data     extern E:\3.46\pic18-lt\cxx-framework\src\traditional\proc\p18f4550.asm
                      TOS   0x000ffd       data     extern E:\3.46\pic18-lt\cxx-framework\src\traditional\proc\p18f4550.asm
                     TOSH   0x000ffe       data     extern E:\3.46\pic18-lt\cxx-framework\src\traditional\proc\p18f4550.asm
                     TOSL   0x000ffd       data     extern E:\3.46\pic18-lt\cxx-framework\src\traditional\proc\p18f4550.asm
                     TOSU   0x000fff       data     extern E:\3.46\pic18-lt\cxx-framework\src\traditional\proc\p18f4550.asm
                    TRISA   0x000f92       data     extern E:\3.46\pic18-lt\cxx-framework\src\traditional\proc\p18f4550.asm
                TRISAbits   0x000f92       data     extern E:\3.46\pic18-lt\cxx-framework\src\traditional\proc\p18f4550.asm
                    TRISB   0x000f93       data     extern E:\3.46\pic18-lt\cxx-framework\src\traditional\proc\p18f4550.asm
                TRISBbits   0x000f93       data     extern E:\3.46\pic18-lt\cxx-framework\src\traditional\proc\p18f4550.asm
                    TRISC   0x000f94       data     extern E:\3.46\pic18-lt\cxx-framework\src\traditional\proc\p18f4550.asm
                TRISCbits   0x000f94       data     extern E:\3.46\pic18-lt\cxx-framework\src\traditional\proc\p18f4550.asm
                    TRISD   0x000f95       data     extern E:\3.46\pic18-lt\cxx-framework\src\traditional\proc\p18f4550.asm
                TRISDbits   0x000f95       data     extern E:\3.46\pic18-lt\cxx-framework\src\traditional\proc\p18f4550.asm
                    TRISE   0x000f96       data     extern E:\3.46\pic18-lt\cxx-framework\src\traditional\proc\p18f4550.asm
                TRISEbits   0x000f96       data     extern E:\3.46\pic18-lt\cxx-framework\src\traditional\proc\p18f4550.asm
                    TXREG   0x000fad       data     extern E:\3.46\pic18-lt\cxx-framework\src\traditional\proc\p18f4550.asm
                    TXSTA   0x000fac       data     extern E:\3.46\pic18-lt\cxx-framework\src\traditional\proc\p18f4550.asm
                TXSTAbits   0x000fac       data     extern E:\3.46\pic18-lt\cxx-framework\src\traditional\proc\p18f4550.asm
                    UADDR   0x000f6e       data     extern E:\3.46\pic18-lt\cxx-framework\src\traditional\proc\p18f4550.asm
                UADDRbits   0x000f6e       data     extern E:\3.46\pic18-lt\cxx-framework\src\traditional\proc\p18f4550.asm
                     UCFG   0x000f6f       data     extern E:\3.46\pic18-lt\cxx-framework\src\traditional\proc\p18f4550.asm
                 UCFGbits   0x000f6f       data     extern E:\3.46\pic18-lt\cxx-framework\src\traditional\proc\p18f4550.asm
                     UCON   0x000f6d       data     extern E:\3.46\pic18-lt\cxx-framework\src\traditional\proc\p18f4550.asm
                 UCONbits   0x000f6d       data     extern E:\3.46\pic18-lt\cxx-framework\src\traditional\proc\p18f4550.asm
                     UEIE   0x000f6b       data     extern E:\3.46\pic18-lt\cxx-framework\src\traditional\proc\p18f4550.asm
                 UEIEbits   0x000f6b       data     extern E:\3.46\pic18-lt\cxx-framework\src\traditional\proc\p18f4550.asm
                     UEIR   0x000f6a       data     extern E:\3.46\pic18-lt\cxx-framework\src\traditional\proc\p18f4550.asm
                 UEIRbits   0x000f6a       data     extern E:\3.46\pic18-lt\cxx-framework\src\traditional\proc\p18f4550.asm
                     UEP0   0x000f70       data     extern E:\3.46\pic18-lt\cxx-framework\src\traditional\proc\p18f4550.asm
                 UEP0bits   0x000f70       data     extern E:\3.46\pic18-lt\cxx-framework\src\traditional\proc\p18f4550.asm
                     UEP1   0x000f71       data     extern E:\3.46\pic18-lt\cxx-framework\src\traditional\proc\p18f4550.asm
                    UEP10   0x000f7a       data     extern E:\3.46\pic18-lt\cxx-framework\src\traditional\proc\p18f4550.asm
                UEP10bits   0x000f7a       data     extern E:\3.46\pic18-lt\cxx-framework\src\traditional\proc\p18f4550.asm
                    UEP11   0x000f7b       data     extern E:\3.46\pic18-lt\cxx-framework\src\traditional\proc\p18f4550.asm
                UEP11bits   0x000f7b       data     extern E:\3.46\pic18-lt\cxx-framework\src\traditional\proc\p18f4550.asm
                    UEP12   0x000f7c       data     extern E:\3.46\pic18-lt\cxx-framework\src\traditional\proc\p18f4550.asm
                UEP12bits   0x000f7c       data     extern E:\3.46\pic18-lt\cxx-framework\src\traditional\proc\p18f4550.asm
                    UEP13   0x000f7d       data     extern E:\3.46\pic18-lt\cxx-framework\src\traditional\proc\p18f4550.asm
                UEP13bits   0x000f7d       data     extern E:\3.46\pic18-lt\cxx-framework\src\traditional\proc\p18f4550.asm
                    UEP14   0x000f7e       data     extern E:\3.46\pic18-lt\cxx-framework\src\traditional\proc\p18f4550.asm
                UEP14bits   0x000f7e       data     extern E:\3.46\pic18-lt\cxx-framework\src\traditional\proc\p18f4550.asm
                    UEP15   0x000f7f       data     extern E:\3.46\pic18-lt\cxx-framework\src\traditional\proc\p18f4550.asm
                UEP15bits   0x000f7f       data     extern E:\3.46\pic18-lt\cxx-framework\src\traditional\proc\p18f4550.asm
                 UEP1bits   0x000f71       data     extern E:\3.46\pic18-lt\cxx-framework\src\traditional\proc\p18f4550.asm
                     UEP2   0x000f72       data     extern E:\3.46\pic18-lt\cxx-framework\src\traditional\proc\p18f4550.asm
                 UEP2bits   0x000f72       data     extern E:\3.46\pic18-lt\cxx-framework\src\traditional\proc\p18f4550.asm
                     UEP3   0x000f73       data     extern E:\3.46\pic18-lt\cxx-framework\src\traditional\proc\p18f4550.asm
                 UEP3bits   0x000f73       data     extern E:\3.46\pic18-lt\cxx-framework\src\traditional\proc\p18f4550.asm
                     UEP4   0x000f74       data     extern E:\3.46\pic18-lt\cxx-framework\src\traditional\proc\p18f4550.asm
                 UEP4bits   0x000f74       data     extern E:\3.46\pic18-lt\cxx-framework\src\traditional\proc\p18f4550.asm
                     UEP5   0x000f75       data     extern E:\3.46\pic18-lt\cxx-framework\src\traditional\proc\p18f4550.asm
                 UEP5bits   0x000f75       data     extern E:\3.46\pic18-lt\cxx-framework\src\traditional\proc\p18f4550.asm
                     UEP6   0x000f76       data     extern E:\3.46\pic18-lt\cxx-framework\src\traditional\proc\p18f4550.asm
                 UEP6bits   0x000f76       data     extern E:\3.46\pic18-lt\cxx-framework\src\traditional\proc\p18f4550.asm
                     UEP7   0x000f77       data     extern E:\3.46\pic18-lt\cxx-framework\src\traditional\proc\p18f4550.asm
                 UEP7bits   0x000f77       data     extern E:\3.46\pic18-lt\cxx-framework\src\traditional\proc\p18f4550.asm
                     UEP8   0x000f78       data     extern E:\3.46\pic18-lt\cxx-framework\src\traditional\proc\p18f4550.asm
                 UEP8bits   0x000f78       data     extern E:\3.46\pic18-lt\cxx-framework\src\traditional\proc\p18f4550.asm
                     UEP9   0x000f79       data     extern E:\3.46\pic18-lt\cxx-framework\src\traditional\proc\p18f4550.asm
                 UEP9bits   0x000f79       data     extern E:\3.46\pic18-lt\cxx-framework\src\traditional\proc\p18f4550.asm
                     UFRM   0x000f66       data     extern E:\3.46\pic18-lt\cxx-framework\src\traditional\proc\p18f4550.asm
                    UFRMH   0x000f67       data     extern E:\3.46\pic18-lt\cxx-framework\src\traditional\proc\p18f4550.asm
                UFRMHbits   0x000f67       data     extern E:\3.46\pic18-lt\cxx-framework\src\traditional\proc\p18f4550.asm
                    UFRML   0x000f66       data     extern E:\3.46\pic18-lt\cxx-framework\src\traditional\proc\p18f4550.asm
                UFRMLbits   0x000f66       data     extern E:\3.46\pic18-lt\cxx-framework\src\traditional\proc\p18f4550.asm
                      UIE   0x000f69       data     extern E:\3.46\pic18-lt\cxx-framework\src\traditional\proc\p18f4550.asm
                  UIEbits   0x000f69       data     extern E:\3.46\pic18-lt\cxx-framework\src\traditional\proc\p18f4550.asm
                      UIR   0x000f68       data     extern E:\3.46\pic18-lt\cxx-framework\src\traditional\proc\p18f4550.asm
                  UIRbits   0x000f68       data     extern E:\3.46\pic18-lt\cxx-framework\src\traditional\proc\p18f4550.asm
                    USTAT   0x000f6c       data     extern E:\3.46\pic18-lt\cxx-framework\src\traditional\proc\p18f4550.asm
                USTATbits   0x000f6c       data     extern E:\3.46\pic18-lt\cxx-framework\src\traditional\proc\p18f4550.asm
                   WDTCON   0x000fd1       data     extern E:\3.46\pic18-lt\cxx-framework\src\traditional\proc\p18f4550.asm
               WDTCONbits   0x000fd1       data     extern E:\3.46\pic18-lt\cxx-framework\src\traditional\proc\p18f4550.asm
                     WREG   0x000fe8       data     extern E:\3.46\pic18-lt\cxx-framework\src\traditional\proc\p18f4550.asm
                __FPFLAGS   0x000001       data     extern E:\3.46\pic18-lt\cxx-framework\src\traditional\math\cmath18.asm
            __FPFLAGSbits   0x000001       data     extern E:\3.46\pic18-lt\cxx-framework\src\traditional\math\cmath18.asm
                  __tmp_0   0x000002       data     static F:\Project Task\progressing\USB_Joystick UK\Project\MPLAB\joyneufbuilded1\joyneuf\system\usb\class\hid\hid.c
                  __tmp_0   0x000002       data     static F:\Project Task\progressing\USB_Joystick UK\Project\MPLAB\joyneufbuilded1\joyneuf\system\usb\usbctrltrf\usbctrltrf.c
                  __tmp_0   0x000002       data     static F:\Project Task\progressing\USB_Joystick UK\Project\MPLAB\joyneufbuilded1\joyneuf\system\usb\usb9\usb9.c
          active_protocol   0x00007b       data     extern F:\Project Task\progressing\USB_Joystick UK\Project\MPLAB\joyneufbuilded1\joyneuf\system\usb\class\hid\hid.c
                   buffer   0x000072       data     extern F:\Project Task\progressing\USB_Joystick UK\Project\MPLAB\joyneufbuilded1\joyneuf\user\user_mouse.c
   ctrl_trf_session_owner   0x00006b       data     extern F:\Project Task\progressing\USB_Joystick UK\Project\MPLAB\joyneufbuilded1\joyneuf\system\usb\usbctrltrf\usbctrltrf.c
           ctrl_trf_state   0x00006a       data     extern F:\Project Task\progressing\USB_Joystick UK\Project\MPLAB\joyneufbuilded1\joyneuf\system\usb\usbctrltrf\usbctrltrf.c
                curr_byte   0x000063       data     static E:\3.46\pic18-lt\cxx-framework\src\traditional\startup\c018i.c
               curr_entry   0x000065       data     static E:\3.46\pic18-lt\cxx-framework\src\traditional\startup\c018i.c
                 data_ptr   0x000067       data     static E:\3.46\pic18-lt\cxx-framework\src\traditional\startup\c018i.c
              delay_count   0x00007d       data     static F:\Project Task\progressing\USB_Joystick UK\Project\MPLAB\joyneufbuilded1\joyneuf\system\usb\usbdrv\usbdrv.c
                    ep0Bi   0x000404       data     extern F:\Project Task\progressing\USB_Joystick UK\Project\MPLAB\joyneufbuilded1\joyneuf\system\usb\usbmmap.c
                    ep0Bo   0x000400       data     extern F:\Project Task\progressing\USB_Joystick UK\Project\MPLAB\joyneufbuilded1\joyneuf\system\usb\usbmmap.c
                    ep1Bi   0x00040c       data     extern F:\Project Task\progressing\USB_Joystick UK\Project\MPLAB\joyneufbuilded1\joyneuf\system\usb\usbmmap.c
                    ep1Bo   0x000408       data     extern F:\Project Task\progressing\USB_Joystick UK\Project\MPLAB\joyneufbuilded1\joyneuf\system\usb\usbmmap.c
            hid_report_in   0x000424       data     extern F:\Project Task\progressing\USB_Joystick UK\Project\MPLAB\joyneufbuilded1\joyneuf\system\usb\usbmmap.c
           hid_report_out   0x000420       data     extern F:\Project Task\progressing\USB_Joystick UK\Project\MPLAB\joyneufbuilded1\joyneuf\system\usb\usbmmap.c
           hid_rpt_rx_len   0x00007c       data     extern F:\Project Task\progressing\USB_Joystick UK\Project\MPLAB\joyneufbuilded1\joyneuf\system\usb\class\hid\hid.c
                idle_rate   0x00007a       data     extern F:\Project Task\progressing\USB_Joystick UK\Project\MPLAB\joyneufbuilded1\joyneuf\system\usb\class\hid\hid.c
                     pDst   0x00006e       data     extern F:\Project Task\progressing\USB_Joystick UK\Project\MPLAB\joyneufbuilded1\joyneuf\system\usb\usbctrltrf\usbctrltrf.c
                     pSrc   0x00006c       data     extern F:\Project Task\progressing\USB_Joystick UK\Project\MPLAB\joyneufbuilded1\joyneuf\system\usb\usbctrltrf\usbctrltrf.c
                     prom   0x000060       data     static E:\3.46\pic18-lt\cxx-framework\src\traditional\startup\c018i.c
           usb_active_cfg   0x000078       data     extern F:\Project Task\progressing\USB_Joystick UK\Project\MPLAB\joyneufbuilded1\joyneuf\system\usb\usbmmap.c
             usb_alt_intf   0x000079       data     extern F:\Project Task\progressing\USB_Joystick UK\Project\MPLAB\joyneufbuilded1\joyneuf\system\usb\usbmmap.c
         usb_device_state   0x000076       data     extern F:\Project Task\progressing\USB_Joystick UK\Project\MPLAB\joyneufbuilded1\joyneuf\system\usb\usbmmap.c
                 usb_stat   0x000077       data     extern F:\Project Task\progressing\USB_Joystick UK\Project\MPLAB\joyneufbuilded1\joyneuf\system\usb\usbmmap.c
                   wCount   0x000070       data     extern F:\Project Task\progressing\USB_Joystick UK\Project\MPLAB\joyneufbuilded1\joyneuf\system\usb\usbctrltrf\usbctrltrf.c



                              Symbols - Sorted by Address
                     Name    Address   Location    Storage File                     
                ---------  ---------  ---------  --------- ---------                
                   _entry   0x000000    program     extern E:\3.46\pic18-lt\cxx-framework\src\traditional\startup\c018i.c
       ___return_lbl00000   0x000004    program     static                          
       USBCheckStdRequest   0x000008    program     extern F:\Project Task\progressing\USB_Joystick UK\Project\MPLAB\joyneufbuilded1\joyneuf\system\usb\usb9\usb9.c
      USBStdGetDscHandler   0x0000ca    program     extern F:\Project Task\progressing\USB_Joystick UK\Project\MPLAB\joyneufbuilded1\joyneuf\system\usb\usb9\usb9.c
      USBStdSetCfgHandler   0x000182    program     extern F:\Project Task\progressing\USB_Joystick UK\Project\MPLAB\joyneufbuilded1\joyneuf\system\usb\usb9\usb9.c
   USBStdGetStatusHandler   0x0001d2    program     extern F:\Project Task\progressing\USB_Joystick UK\Project\MPLAB\joyneufbuilded1\joyneuf\system\usb\usb9\usb9.c
  USBStdFeatureReqHandler   0x00026e    program     extern F:\Project Task\progressing\USB_Joystick UK\Project\MPLAB\joyneufbuilded1\joyneuf\system\usb\usb9\usb9.c
         USBCtrlEPService   0x000310    program     extern F:\Project Task\progressing\USB_Joystick UK\Project\MPLAB\joyneufbuilded1\joyneuf\system\usb\usbctrltrf\usbctrltrf.c
   USBCtrlTrfSetupHandler   0x000334    program     extern F:\Project Task\progressing\USB_Joystick UK\Project\MPLAB\joyneufbuilded1\joyneuf\system\usb\usbctrltrf\usbctrltrf.c
     USBCtrlTrfOutHandler   0x0003a0    program     extern F:\Project Task\progressing\USB_Joystick UK\Project\MPLAB\joyneufbuilded1\joyneuf\system\usb\usbctrltrf\usbctrltrf.c
      USBCtrlTrfInHandler   0x0003c0    program     extern F:\Project Task\progressing\USB_Joystick UK\Project\MPLAB\joyneufbuilded1\joyneuf\system\usb\usbctrltrf\usbctrltrf.c
      USBCtrlTrfTxService   0x0003fa    program     extern F:\Project Task\progressing\USB_Joystick UK\Project\MPLAB\joyneufbuilded1\joyneuf\system\usb\usbctrltrf\usbctrltrf.c
      USBCtrlTrfRxService   0x0004d6    program     extern F:\Project Task\progressing\USB_Joystick UK\Project\MPLAB\joyneufbuilded1\joyneuf\system\usb\usbctrltrf\usbctrltrf.c
 USBCtrlEPServiceComplete   0x000550    program     extern F:\Project Task\progressing\USB_Joystick UK\Project\MPLAB\joyneufbuilded1\joyneuf\system\usb\usbctrltrf\usbctrltrf.c
USBPrepareForNextSetupTrf   0x0005dc    program     extern F:\Project Task\progressing\USB_Joystick UK\Project\MPLAB\joyneufbuilded1\joyneuf\system\usb\usbctrltrf\usbctrltrf.c
        USBCheckBusStatus   0x0005f8    program     extern F:\Project Task\progressing\USB_Joystick UK\Project\MPLAB\joyneufbuilded1\joyneuf\system\usb\usbdrv\usbdrv.c
          USBModuleEnable   0x00061a    program     extern F:\Project Task\progressing\USB_Joystick UK\Project\MPLAB\joyneufbuilded1\joyneuf\system\usb\usbdrv\usbdrv.c
         USBModuleDisable   0x000628    program     extern F:\Project Task\progressing\USB_Joystick UK\Project\MPLAB\joyneufbuilded1\joyneuf\system\usb\usbdrv\usbdrv.c
            USBSoftDetach   0x000632    program     extern F:\Project Task\progressing\USB_Joystick UK\Project\MPLAB\joyneufbuilded1\joyneuf\system\usb\usbdrv\usbdrv.c
         USBDriverService   0x000636    program     extern F:\Project Task\progressing\USB_Joystick UK\Project\MPLAB\joyneufbuilded1\joyneuf\system\usb\usbdrv\usbdrv.c
               USBSuspend   0x0006b4    program     extern F:\Project Task\progressing\USB_Joystick UK\Project\MPLAB\joyneufbuilded1\joyneuf\system\usb\usbdrv\usbdrv.c
           ___if_lbl00029   0x0006c8    program     static                          
       ___return_lbl00028   0x0006cc    program     static                          
       USBWakeFromSuspend   0x0006ce    program     extern F:\Project Task\progressing\USB_Joystick UK\Project\MPLAB\joyneufbuilded1\joyneuf\system\usb\usbdrv\usbdrv.c
          USBRemoteWakeup   0x0006d6    program     extern F:\Project Task\progressing\USB_Joystick UK\Project\MPLAB\joyneufbuilded1\joyneuf\system\usb\usbdrv\usbdrv.c
          USB_SOF_Handler   0x0006fa    program     extern F:\Project Task\progressing\USB_Joystick UK\Project\MPLAB\joyneufbuilded1\joyneuf\system\usb\usbdrv\usbdrv.c
          USBStallHandler   0x0006fe    program     extern F:\Project Task\progressing\USB_Joystick UK\Project\MPLAB\joyneufbuilded1\joyneuf\system\usb\usbdrv\usbdrv.c
          USBErrorHandler   0x00070c    program     extern F:\Project Task\progressing\USB_Joystick UK\Project\MPLAB\joyneufbuilded1\joyneuf\system\usb\usbdrv\usbdrv.c
  USBProtocolResetHandler   0x000710    program     extern F:\Project Task\progressing\USB_Joystick UK\Project\MPLAB\joyneufbuilded1\joyneuf\system\usb\usbdrv\usbdrv.c
               ClearArray   0x000754    program     extern F:\Project Task\progressing\USB_Joystick UK\Project\MPLAB\joyneufbuilded1\joyneuf\system\usb\usbdrv\usbdrv.c
        ___while_lbl00044   0x000768    program     static                          
        ___while_lbl00045   0x000776    program     static                          
       ___return_lbl00043   0x000776    program     static                          
                 UserInit   0x00077e    program     extern F:\Project Task\progressing\USB_Joystick UK\Project\MPLAB\joyneufbuilded1\joyneuf\user\user_mouse.c
                ProcessIO   0x000784    program     extern F:\Project Task\progressing\USB_Joystick UK\Project\MPLAB\joyneufbuilded1\joyneuf\user\user_mouse.c
                   __init   0x0007f0    program     extern E:\3.46\pic18-lt\cxx-framework\src\traditional\stdclib\__init.c
                   _reset   0x000800    program     extern F:\Project Task\progressing\USB_Joystick UK\Project\MPLAB\joyneufbuilded1\joyneuf\main.c
       ___return_lbl00000   0x000804    program     static                          
       USBCheckHIDRequest   0x000806    program     extern F:\Project Task\progressing\USB_Joystick UK\Project\MPLAB\joyneufbuilded1\joyneuf\system\usb\class\hid\hid.c
      HIDGetReportHandler   0x000906    program     extern F:\Project Task\progressing\USB_Joystick UK\Project\MPLAB\joyneufbuilded1\joyneuf\system\usb\class\hid\hid.c
      HIDSetReportHandler   0x000908    program     extern F:\Project Task\progressing\USB_Joystick UK\Project\MPLAB\joyneufbuilded1\joyneuf\system\usb\class\hid\hid.c
                HIDInitEP   0x00090a    program     extern F:\Project Task\progressing\USB_Joystick UK\Project\MPLAB\joyneufbuilded1\joyneuf\system\usb\class\hid\hid.c
              HIDTxReport   0x000934    program     extern F:\Project Task\progressing\USB_Joystick UK\Project\MPLAB\joyneufbuilded1\joyneuf\system\usb\class\hid\hid.c
              HIDRxReport   0x0009a8    program     extern F:\Project Task\progressing\USB_Joystick UK\Project\MPLAB\joyneufbuilded1\joyneuf\system\usb\class\hid\hid.c
               device_dsc   0x000a2a    program     extern F:\Project Task\progressing\USB_Joystick UK\Project\MPLAB\joyneufbuilded1\joyneuf\autofiles\usbdsc.c
                    cfg01   0x000a3c    program     extern F:\Project Task\progressing\USB_Joystick UK\Project\MPLAB\joyneufbuilded1\joyneuf\autofiles\usbdsc.c
                    sd000   0x000a5e    program     extern F:\Project Task\progressing\USB_Joystick UK\Project\MPLAB\joyneufbuilded1\joyneuf\autofiles\usbdsc.c
                    sd001   0x000a62    program     extern F:\Project Task\progressing\USB_Joystick UK\Project\MPLAB\joyneufbuilded1\joyneuf\autofiles\usbdsc.c
                    sd002   0x000a96    program     extern F:\Project Task\progressing\USB_Joystick UK\Project\MPLAB\joyneufbuilded1\joyneuf\autofiles\usbdsc.c
                hid_rpt01   0x000ac4    program     extern F:\Project Task\progressing\USB_Joystick UK\Project\MPLAB\joyneufbuilded1\joyneuf\autofiles\usbdsc.c
               USB_CD_Ptr   0x000b13    program     extern F:\Project Task\progressing\USB_Joystick UK\Project\MPLAB\joyneufbuilded1\joyneuf\autofiles\usbdsc.c
               USB_SD_Ptr   0x000b17    program     extern F:\Project Task\progressing\USB_Joystick UK\Project\MPLAB\joyneufbuilded1\joyneuf\autofiles\usbdsc.c
          ClassReqHandler   0x000b1d    program     extern F:\Project Task\progressing\USB_Joystick UK\Project\MPLAB\joyneufbuilded1\joyneuf\autofiles\usbdsc.c
                _do_cinit   0x000b20    program     extern E:\3.46\pic18-lt\cxx-framework\src\traditional\startup\c018i.c
                     test   0x000b3a    program     static                          
                copy_loop   0x000b92    program     static                          
            copy_one_byte   0x000b98    program     static                          
             done_copying   0x000ba6    program     static                          
       ___return_lbl00002   0x000bbc    program     static                          
                     done   0x000bbc    program     static                          
                     main   0x000bbe    program     extern F:\Project Task\progressing\USB_Joystick UK\Project\MPLAB\joyneufbuilded1\joyneuf\main.c
         InitializeSystem   0x000bca    program     static F:\Project Task\progressing\USB_Joystick UK\Project\MPLAB\joyneufbuilded1\joyneuf\main.c
                 USBTasks   0x000be2    program     extern F:\Project Task\progressing\USB_Joystick UK\Project\MPLAB\joyneufbuilded1\joyneuf\main.c
            __zero_memory   0x000bf0    program     extern E:\3.46\pic18-lt\cxx-framework\src\traditional\proc\p18f4550.asm
               zero_block   0x000bfe    program     static E:\3.46\pic18-lt\cxx-framework\src\traditional\proc\p18f4550.asm
                   loop_h   0x000bfe    program     static E:\3.46\pic18-lt\cxx-framework\src\traditional\proc\p18f4550.asm
                compare_l   0x000c06    program     static E:\3.46\pic18-lt\cxx-framework\src\traditional\proc\p18f4550.asm
                   loop_l   0x000c08    program     static E:\3.46\pic18-lt\cxx-framework\src\traditional\proc\p18f4550.asm
                 _startup   0x000c10    program     extern E:\3.46\pic18-lt\cxx-framework\src\traditional\startup\c018i.c
                     loop   0x000c20    program     static                          
       ___return_lbl00001   0x000c2a    program     static                          
                     SIGN   0x000000       data     extern E:\3.46\pic18-lt\cxx-framework\src\traditional\math\cmath18.asm
                __FPFLAGS   0x000001       data     extern E:\3.46\pic18-lt\cxx-framework\src\traditional\math\cmath18.asm
            __FPFLAGSbits   0x000001       data     extern E:\3.46\pic18-lt\cxx-framework\src\traditional\math\cmath18.asm
                  __tmp_0   0x000002       data     static F:\Project Task\progressing\USB_Joystick UK\Project\MPLAB\joyneufbuilded1\joyneuf\system\usb\class\hid\hid.c
                  __tmp_0   0x000002       data     static F:\Project Task\progressing\USB_Joystick UK\Project\MPLAB\joyneufbuilded1\joyneuf\system\usb\usbctrltrf\usbctrltrf.c
                  __tmp_0   0x000002       data     static F:\Project Task\progressing\USB_Joystick UK\Project\MPLAB\joyneufbuilded1\joyneuf\system\usb\usb9\usb9.c
                     prom   0x000060       data     static E:\3.46\pic18-lt\cxx-framework\src\traditional\startup\c018i.c
                curr_byte   0x000063       data     static E:\3.46\pic18-lt\cxx-framework\src\traditional\startup\c018i.c
               curr_entry   0x000065       data     static E:\3.46\pic18-lt\cxx-framework\src\traditional\startup\c018i.c
                 data_ptr   0x000067       data     static E:\3.46\pic18-lt\cxx-framework\src\traditional\startup\c018i.c
           ctrl_trf_state   0x00006a       data     extern F:\Project Task\progressing\USB_Joystick UK\Project\MPLAB\joyneufbuilded1\joyneuf\system\usb\usbctrltrf\usbctrltrf.c
   ctrl_trf_session_owner   0x00006b       data     extern F:\Project Task\progressing\USB_Joystick UK\Project\MPLAB\joyneufbuilded1\joyneuf\system\usb\usbctrltrf\usbctrltrf.c
                     pSrc   0x00006c       data     extern F:\Project Task\progressing\USB_Joystick UK\Project\MPLAB\joyneufbuilded1\joyneuf\system\usb\usbctrltrf\usbctrltrf.c
                     pDst   0x00006e       data     extern F:\Project Task\progressing\USB_Joystick UK\Project\MPLAB\joyneufbuilded1\joyneuf\system\usb\usbctrltrf\usbctrltrf.c
                   wCount   0x000070       data     extern F:\Project Task\progressing\USB_Joystick UK\Project\MPLAB\joyneufbuilded1\joyneuf\system\usb\usbctrltrf\usbctrltrf.c
                   buffer   0x000072       data     extern F:\Project Task\progressing\USB_Joystick UK\Project\MPLAB\joyneufbuilded1\joyneuf\user\user_mouse.c
         usb_device_state   0x000076       data     extern F:\Project Task\progressing\USB_Joystick UK\Project\MPLAB\joyneufbuilded1\joyneuf\system\usb\usbmmap.c
                 usb_stat   0x000077       data     extern F:\Project Task\progressing\USB_Joystick UK\Project\MPLAB\joyneufbuilded1\joyneuf\system\usb\usbmmap.c
           usb_active_cfg   0x000078       data     extern F:\Project Task\progressing\USB_Joystick UK\Project\MPLAB\joyneufbuilded1\joyneuf\system\usb\usbmmap.c
             usb_alt_intf   0x000079       data     extern F:\Project Task\progressing\USB_Joystick UK\Project\MPLAB\joyneufbuilded1\joyneuf\system\usb\usbmmap.c
                idle_rate   0x00007a       data     extern F:\Project Task\progressing\USB_Joystick UK\Project\MPLAB\joyneufbuilded1\joyneuf\system\usb\class\hid\hid.c
          active_protocol   0x00007b       data     extern F:\Project Task\progressing\USB_Joystick UK\Project\MPLAB\joyneufbuilded1\joyneuf\system\usb\class\hid\hid.c
           hid_rpt_rx_len   0x00007c       data     extern F:\Project Task\progressing\USB_Joystick UK\Project\MPLAB\joyneufbuilded1\joyneuf\system\usb\class\hid\hid.c
              delay_count   0x00007d       data     static F:\Project Task\progressing\USB_Joystick UK\Project\MPLAB\joyneufbuilded1\joyneuf\system\usb\usbdrv\usbdrv.c
                    ep0Bo   0x000400       data     extern F:\Project Task\progressing\USB_Joystick UK\Project\MPLAB\joyneufbuilded1\joyneuf\system\usb\usbmmap.c
                    ep0Bi   0x000404       data     extern F:\Project Task\progressing\USB_Joystick UK\Project\MPLAB\joyneufbuilded1\joyneuf\system\usb\usbmmap.c
                    ep1Bo   0x000408       data     extern F:\Project Task\progressing\USB_Joystick UK\Project\MPLAB\joyneufbuilded1\joyneuf\system\usb\usbmmap.c
                    ep1Bi   0x00040c       data     extern F:\Project Task\progressing\USB_Joystick UK\Project\MPLAB\joyneufbuilded1\joyneuf\system\usb\usbmmap.c
                 SetupPkt   0x000410       data     extern F:\Project Task\progressing\USB_Joystick UK\Project\MPLAB\joyneufbuilded1\joyneuf\system\usb\usbmmap.c
              CtrlTrfData   0x000418       data     extern F:\Project Task\progressing\USB_Joystick UK\Project\MPLAB\joyneufbuilded1\joyneuf\system\usb\usbmmap.c
           hid_report_out   0x000420       data     extern F:\Project Task\progressing\USB_Joystick UK\Project\MPLAB\joyneufbuilded1\joyneuf\system\usb\usbmmap.c
            hid_report_in   0x000424       data     extern F:\Project Task\progressing\USB_Joystick UK\Project\MPLAB\joyneufbuilded1\joyneuf\system\usb\usbmmap.c
                  SPPDATA   0x000f62       data     extern E:\3.46\pic18-lt\cxx-framework\src\traditional\proc\p18f4550.asm
               SPPCFGbits   0x000f63       data     extern E:\3.46\pic18-lt\cxx-framework\src\traditional\proc\p18f4550.asm
                   SPPCFG   0x000f63       data     extern E:\3.46\pic18-lt\cxx-framework\src\traditional\proc\p18f4550.asm
               SPPEPSbits   0x000f64       data     extern E:\3.46\pic18-lt\cxx-framework\src\traditional\proc\p18f4550.asm
                   SPPEPS   0x000f64       data     extern E:\3.46\pic18-lt\cxx-framework\src\traditional\proc\p18f4550.asm
               SPPCONbits   0x000f65       data     extern E:\3.46\pic18-lt\cxx-framework\src\traditional\proc\p18f4550.asm
                   SPPCON   0x000f65       data     extern E:\3.46\pic18-lt\cxx-framework\src\traditional\proc\p18f4550.asm
                     UFRM   0x000f66       data     extern E:\3.46\pic18-lt\cxx-framework\src\traditional\proc\p18f4550.asm
                UFRMLbits   0x000f66       data     extern E:\3.46\pic18-lt\cxx-framework\src\traditional\proc\p18f4550.asm
                    UFRML   0x000f66       data     extern E:\3.46\pic18-lt\cxx-framework\src\traditional\proc\p18f4550.asm
                    UFRMH   0x000f67       data     extern E:\3.46\pic18-lt\cxx-framework\src\traditional\proc\p18f4550.asm
                UFRMHbits   0x000f67       data     extern E:\3.46\pic18-lt\cxx-framework\src\traditional\proc\p18f4550.asm
                      UIR   0x000f68       data     extern E:\3.46\pic18-lt\cxx-framework\src\traditional\proc\p18f4550.asm
                  UIRbits   0x000f68       data     extern E:\3.46\pic18-lt\cxx-framework\src\traditional\proc\p18f4550.asm
                      UIE   0x000f69       data     extern E:\3.46\pic18-lt\cxx-framework\src\traditional\proc\p18f4550.asm
                  UIEbits   0x000f69       data     extern E:\3.46\pic18-lt\cxx-framework\src\traditional\proc\p18f4550.asm
                     UEIR   0x000f6a       data     extern E:\3.46\pic18-lt\cxx-framework\src\traditional\proc\p18f4550.asm
                 UEIRbits   0x000f6a       data     extern E:\3.46\pic18-lt\cxx-framework\src\traditional\proc\p18f4550.asm
                     UEIE   0x000f6b       data     extern E:\3.46\pic18-lt\cxx-framework\src\traditional\proc\p18f4550.asm
                 UEIEbits   0x000f6b       data     extern E:\3.46\pic18-lt\cxx-framework\src\traditional\proc\p18f4550.asm
                USTATbits   0x000f6c       data     extern E:\3.46\pic18-lt\cxx-framework\src\traditional\proc\p18f4550.asm
                    USTAT   0x000f6c       data     extern E:\3.46\pic18-lt\cxx-framework\src\traditional\proc\p18f4550.asm
                 UCONbits   0x000f6d       data     extern E:\3.46\pic18-lt\cxx-framework\src\traditional\proc\p18f4550.asm
                     UCON   0x000f6d       data     extern E:\3.46\pic18-lt\cxx-framework\src\traditional\proc\p18f4550.asm
                UADDRbits   0x000f6e       data     extern E:\3.46\pic18-lt\cxx-framework\src\traditional\proc\p18f4550.asm
                    UADDR   0x000f6e       data     extern E:\3.46\pic18-lt\cxx-framework\src\traditional\proc\p18f4550.asm
                 UCFGbits   0x000f6f       data     extern E:\3.46\pic18-lt\cxx-framework\src\traditional\proc\p18f4550.asm
                     UCFG   0x000f6f       data     extern E:\3.46\pic18-lt\cxx-framework\src\traditional\proc\p18f4550.asm
                 UEP0bits   0x000f70       data     extern E:\3.46\pic18-lt\cxx-framework\src\traditional\proc\p18f4550.asm
                     UEP0   0x000f70       data     extern E:\3.46\pic18-lt\cxx-framework\src\traditional\proc\p18f4550.asm
                 UEP1bits   0x000f71       data     extern E:\3.46\pic18-lt\cxx-framework\src\traditional\proc\p18f4550.asm
                     UEP1   0x000f71       data     extern E:\3.46\pic18-lt\cxx-framework\src\traditional\proc\p18f4550.asm
                 UEP2bits   0x000f72       data     extern E:\3.46\pic18-lt\cxx-framework\src\traditional\proc\p18f4550.asm
                     UEP2   0x000f72       data     extern E:\3.46\pic18-lt\cxx-framework\src\traditional\proc\p18f4550.asm
                 UEP3bits   0x000f73       data     extern E:\3.46\pic18-lt\cxx-framework\src\traditional\proc\p18f4550.asm
                     UEP3   0x000f73       data     extern E:\3.46\pic18-lt\cxx-framework\src\traditional\proc\p18f4550.asm
                 UEP4bits   0x000f74       data     extern E:\3.46\pic18-lt\cxx-framework\src\traditional\proc\p18f4550.asm
                     UEP4   0x000f74       data     extern E:\3.46\pic18-lt\cxx-framework\src\traditional\proc\p18f4550.asm
                     UEP5   0x000f75       data     extern E:\3.46\pic18-lt\cxx-framework\src\traditional\proc\p18f4550.asm
                 UEP5bits   0x000f75       data     extern E:\3.46\pic18-lt\cxx-framework\src\traditional\proc\p18f4550.asm
                     UEP6   0x000f76       data     extern E:\3.46\pic18-lt\cxx-framework\src\traditional\proc\p18f4550.asm
                 UEP6bits   0x000f76       data     extern E:\3.46\pic18-lt\cxx-framework\src\traditional\proc\p18f4550.asm
                     UEP7   0x000f77       data     extern E:\3.46\pic18-lt\cxx-framework\src\traditional\proc\p18f4550.asm
                 UEP7bits   0x000f77       data     extern E:\3.46\pic18-lt\cxx-framework\src\traditional\proc\p18f4550.asm
                     UEP8   0x000f78       data     extern E:\3.46\pic18-lt\cxx-framework\src\traditional\proc\p18f4550.asm
                 UEP8bits   0x000f78       data     extern E:\3.46\pic18-lt\cxx-framework\src\traditional\proc\p18f4550.asm
                 UEP9bits   0x000f79       data     extern E:\3.46\pic18-lt\cxx-framework\src\traditional\proc\p18f4550.asm
                     UEP9   0x000f79       data     extern E:\3.46\pic18-lt\cxx-framework\src\traditional\proc\p18f4550.asm
                    UEP10   0x000f7a       data     extern E:\3.46\pic18-lt\cxx-framework\src\traditional\proc\p18f4550.asm
                UEP10bits   0x000f7a       data     extern E:\3.46\pic18-lt\cxx-framework\src\traditional\proc\p18f4550.asm
                UEP11bits   0x000f7b       data     extern E:\3.46\pic18-lt\cxx-framework\src\traditional\proc\p18f4550.asm
                    UEP11   0x000f7b       data     extern E:\3.46\pic18-lt\cxx-framework\src\traditional\proc\p18f4550.asm
                UEP12bits   0x000f7c       data     extern E:\3.46\pic18-lt\cxx-framework\src\traditional\proc\p18f4550.asm
                    UEP12   0x000f7c       data     extern E:\3.46\pic18-lt\cxx-framework\src\traditional\proc\p18f4550.asm
                UEP13bits   0x000f7d       data     extern E:\3.46\pic18-lt\cxx-framework\src\traditional\proc\p18f4550.asm
                    UEP13   0x000f7d       data     extern E:\3.46\pic18-lt\cxx-framework\src\traditional\proc\p18f4550.asm
                UEP14bits   0x000f7e       data     extern E:\3.46\pic18-lt\cxx-framework\src\traditional\proc\p18f4550.asm
                    UEP14   0x000f7e       data     extern E:\3.46\pic18-lt\cxx-framework\src\traditional\proc\p18f4550.asm
                    UEP15   0x000f7f       data     extern E:\3.46\pic18-lt\cxx-framework\src\traditional\proc\p18f4550.asm
                UEP15bits   0x000f7f       data     extern E:\3.46\pic18-lt\cxx-framework\src\traditional\proc\p18f4550.asm
                    PORTA   0x000f80       data     extern E:\3.46\pic18-lt\cxx-framework\src\traditional\proc\p18f4550.asm
                PORTAbits   0x000f80       data     extern E:\3.46\pic18-lt\cxx-framework\src\traditional\proc\p18f4550.asm
                    PORTB   0x000f81       data     extern E:\3.46\pic18-lt\cxx-framework\src\traditional\proc\p18f4550.asm
                PORTBbits   0x000f81       data     extern E:\3.46\pic18-lt\cxx-framework\src\traditional\proc\p18f4550.asm
                PORTCbits   0x000f82       data     extern E:\3.46\pic18-lt\cxx-framework\src\traditional\proc\p18f4550.asm
                    PORTC   0x000f82       data     extern E:\3.46\pic18-lt\cxx-framework\src\traditional\proc\p18f4550.asm
                PORTDbits   0x000f83       data     extern E:\3.46\pic18-lt\cxx-framework\src\traditional\proc\p18f4550.asm
                    PORTD   0x000f83       data     extern E:\3.46\pic18-lt\cxx-framework\src\traditional\proc\p18f4550.asm
                    PORTE   0x000f84       data     extern E:\3.46\pic18-lt\cxx-framework\src\traditional\proc\p18f4550.asm
                PORTEbits   0x000f84       data     extern E:\3.46\pic18-lt\cxx-framework\src\traditional\proc\p18f4550.asm
                     LATA   0x000f89       data     extern E:\3.46\pic18-lt\cxx-framework\src\traditional\proc\p18f4550.asm
                 LATAbits   0x000f89       data     extern E:\3.46\pic18-lt\cxx-framework\src\traditional\proc\p18f4550.asm
                     LATB   0x000f8a       data     extern E:\3.46\pic18-lt\cxx-framework\src\traditional\proc\p18f4550.asm
                 LATBbits   0x000f8a       data     extern E:\3.46\pic18-lt\cxx-framework\src\traditional\proc\p18f4550.asm
                     LATC   0x000f8b       data     extern E:\3.46\pic18-lt\cxx-framework\src\traditional\proc\p18f4550.asm
                 LATCbits   0x000f8b       data     extern E:\3.46\pic18-lt\cxx-framework\src\traditional\proc\p18f4550.asm
                     LATD   0x000f8c       data     extern E:\3.46\pic18-lt\cxx-framework\src\traditional\proc\p18f4550.asm
                 LATDbits   0x000f8c       data     extern E:\3.46\pic18-lt\cxx-framework\src\traditional\proc\p18f4550.asm
                     LATE   0x000f8d       data     extern E:\3.46\pic18-lt\cxx-framework\src\traditional\proc\p18f4550.asm
                 LATEbits   0x000f8d       data     extern E:\3.46\pic18-lt\cxx-framework\src\traditional\proc\p18f4550.asm
                 DDRAbits   0x000f92       data     extern E:\3.46\pic18-lt\cxx-framework\src\traditional\proc\p18f4550.asm
                     DDRA   0x000f92       data     extern E:\3.46\pic18-lt\cxx-framework\src\traditional\proc\p18f4550.asm
                    TRISA   0x000f92       data     extern E:\3.46\pic18-lt\cxx-framework\src\traditional\proc\p18f4550.asm
                TRISAbits   0x000f92       data     extern E:\3.46\pic18-lt\cxx-framework\src\traditional\proc\p18f4550.asm
                    TRISB   0x000f93       data     extern E:\3.46\pic18-lt\cxx-framework\src\traditional\proc\p18f4550.asm
                TRISBbits   0x000f93       data     extern E:\3.46\pic18-lt\cxx-framework\src\traditional\proc\p18f4550.asm
                 DDRBbits   0x000f93       data     extern E:\3.46\pic18-lt\cxx-framework\src\traditional\proc\p18f4550.asm
                     DDRB   0x000f93       data     extern E:\3.46\pic18-lt\cxx-framework\src\traditional\proc\p18f4550.asm
                 DDRCbits   0x000f94       data     extern E:\3.46\pic18-lt\cxx-framework\src\traditional\proc\p18f4550.asm
                     DDRC   0x000f94       data     extern E:\3.46\pic18-lt\cxx-framework\src\traditional\proc\p18f4550.asm
                    TRISC   0x000f94       data     extern E:\3.46\pic18-lt\cxx-framework\src\traditional\proc\p18f4550.asm
                TRISCbits   0x000f94       data     extern E:\3.46\pic18-lt\cxx-framework\src\traditional\proc\p18f4550.asm
                 DDRDbits   0x000f95       data     extern E:\3.46\pic18-lt\cxx-framework\src\traditional\proc\p18f4550.asm
                     DDRD   0x000f95       data     extern E:\3.46\pic18-lt\cxx-framework\src\traditional\proc\p18f4550.asm
                    TRISD   0x000f95       data     extern E:\3.46\pic18-lt\cxx-framework\src\traditional\proc\p18f4550.asm
                TRISDbits   0x000f95       data     extern E:\3.46\pic18-lt\cxx-framework\src\traditional\proc\p18f4550.asm
                 DDREbits   0x000f96       data     extern E:\3.46\pic18-lt\cxx-framework\src\traditional\proc\p18f4550.asm
                     DDRE   0x000f96       data     extern E:\3.46\pic18-lt\cxx-framework\src\traditional\proc\p18f4550.asm
                    TRISE   0x000f96       data     extern E:\3.46\pic18-lt\cxx-framework\src\traditional\proc\p18f4550.asm
                TRISEbits   0x000f96       data     extern E:\3.46\pic18-lt\cxx-framework\src\traditional\proc\p18f4550.asm
                  OSCTUNE   0x000f9b       data     extern E:\3.46\pic18-lt\cxx-framework\src\traditional\proc\p18f4550.asm
              OSCTUNEbits   0x000f9b       data     extern E:\3.46\pic18-lt\cxx-framework\src\traditional\proc\p18f4550.asm
                 PIE1bits   0x000f9d       data     extern E:\3.46\pic18-lt\cxx-framework\src\traditional\proc\p18f4550.asm
                     PIE1   0x000f9d       data     extern E:\3.46\pic18-lt\cxx-framework\src\traditional\proc\p18f4550.asm
                 PIR1bits   0x000f9e       data     extern E:\3.46\pic18-lt\cxx-framework\src\traditional\proc\p18f4550.asm
                     PIR1   0x000f9e       data     extern E:\3.46\pic18-lt\cxx-framework\src\traditional\proc\p18f4550.asm
                     IPR1   0x000f9f       data     extern E:\3.46\pic18-lt\cxx-framework\src\traditional\proc\p18f4550.asm
                 IPR1bits   0x000f9f       data     extern E:\3.46\pic18-lt\cxx-framework\src\traditional\proc\p18f4550.asm
                     PIE2   0x000fa0       data     extern E:\3.46\pic18-lt\cxx-framework\src\traditional\proc\p18f4550.asm
                 PIE2bits   0x000fa0       data     extern E:\3.46\pic18-lt\cxx-framework\src\traditional\proc\p18f4550.asm
                     PIR2   0x000fa1       data     extern E:\3.46\pic18-lt\cxx-framework\src\traditional\proc\p18f4550.asm
                 PIR2bits   0x000fa1       data     extern E:\3.46\pic18-lt\cxx-framework\src\traditional\proc\p18f4550.asm
                     IPR2   0x000fa2       data     extern E:\3.46\pic18-lt\cxx-framework\src\traditional\proc\p18f4550.asm
                 IPR2bits   0x000fa2       data     extern E:\3.46\pic18-lt\cxx-framework\src\traditional\proc\p18f4550.asm
                   EECON1   0x000fa6       data     extern E:\3.46\pic18-lt\cxx-framework\src\traditional\proc\p18f4550.asm
               EECON1bits   0x000fa6       data     extern E:\3.46\pic18-lt\cxx-framework\src\traditional\proc\p18f4550.asm
                   EECON2   0x000fa7       data     extern E:\3.46\pic18-lt\cxx-framework\src\traditional\proc\p18f4550.asm
                   EEDATA   0x000fa8       data     extern E:\3.46\pic18-lt\cxx-framework\src\traditional\proc\p18f4550.asm
                    EEADR   0x000fa9       data     extern E:\3.46\pic18-lt\cxx-framework\src\traditional\proc\p18f4550.asm
                RCSTAbits   0x000fab       data     extern E:\3.46\pic18-lt\cxx-framework\src\traditional\proc\p18f4550.asm
                    RCSTA   0x000fab       data     extern E:\3.46\pic18-lt\cxx-framework\src\traditional\proc\p18f4550.asm
                    TXSTA   0x000fac       data     extern E:\3.46\pic18-lt\cxx-framework\src\traditional\proc\p18f4550.asm
                TXSTAbits   0x000fac       data     extern E:\3.46\pic18-lt\cxx-framework\src\traditional\proc\p18f4550.asm
                    TXREG   0x000fad       data     extern E:\3.46\pic18-lt\cxx-framework\src\traditional\proc\p18f4550.asm
                    RCREG   0x000fae       data     extern E:\3.46\pic18-lt\cxx-framework\src\traditional\proc\p18f4550.asm
                    SPBRG   0x000faf       data     extern E:\3.46\pic18-lt\cxx-framework\src\traditional\proc\p18f4550.asm
                   SPBRGH   0x000fb0       data     extern E:\3.46\pic18-lt\cxx-framework\src\traditional\proc\p18f4550.asm
                    T3CON   0x000fb1       data     extern E:\3.46\pic18-lt\cxx-framework\src\traditional\proc\p18f4550.asm
                T3CONbits   0x000fb1       data     extern E:\3.46\pic18-lt\cxx-framework\src\traditional\proc\p18f4550.asm
                    TMR3L   0x000fb2       data     extern E:\3.46\pic18-lt\cxx-framework\src\traditional\proc\p18f4550.asm
                    TMR3H   0x000fb3       data     extern E:\3.46\pic18-lt\cxx-framework\src\traditional\proc\p18f4550.asm
                    CMCON   0x000fb4       data     extern E:\3.46\pic18-lt\cxx-framework\src\traditional\proc\p18f4550.asm
                CMCONbits   0x000fb4       data     extern E:\3.46\pic18-lt\cxx-framework\src\traditional\proc\p18f4550.asm
               CVRCONbits   0x000fb5       data     extern E:\3.46\pic18-lt\cxx-framework\src\traditional\proc\p18f4550.asm
                   CVRCON   0x000fb5       data     extern E:\3.46\pic18-lt\cxx-framework\src\traditional\proc\p18f4550.asm
                  ECCP1AS   0x000fb6       data     extern E:\3.46\pic18-lt\cxx-framework\src\traditional\proc\p18f4550.asm
              ECCP1ASbits   0x000fb6       data     extern E:\3.46\pic18-lt\cxx-framework\src\traditional\proc\p18f4550.asm
               CCP1ASbits   0x000fb6       data     extern E:\3.46\pic18-lt\cxx-framework\src\traditional\proc\p18f4550.asm
                   CCP1AS   0x000fb6       data     extern E:\3.46\pic18-lt\cxx-framework\src\traditional\proc\p18f4550.asm
             ECCP1DELbits   0x000fb7       data     extern E:\3.46\pic18-lt\cxx-framework\src\traditional\proc\p18f4550.asm
                 ECCP1DEL   0x000fb7       data     extern E:\3.46\pic18-lt\cxx-framework\src\traditional\proc\p18f4550.asm
              CCP1DELbits   0x000fb7       data     extern E:\3.46\pic18-lt\cxx-framework\src\traditional\proc\p18f4550.asm
                  CCP1DEL   0x000fb7       data     extern E:\3.46\pic18-lt\cxx-framework\src\traditional\proc\p18f4550.asm
                  BAUDCTL   0x000fb8       data     extern E:\3.46\pic18-lt\cxx-framework\src\traditional\proc\p18f4550.asm
              BAUDCONbits   0x000fb8       data     extern E:\3.46\pic18-lt\cxx-framework\src\traditional\proc\p18f4550.asm
                  BAUDCON   0x000fb8       data     extern E:\3.46\pic18-lt\cxx-framework\src\traditional\proc\p18f4550.asm
              BAUDCTLbits   0x000fb8       data     extern E:\3.46\pic18-lt\cxx-framework\src\traditional\proc\p18f4550.asm
                  CCP2CON   0x000fba       data     extern E:\3.46\pic18-lt\cxx-framework\src\traditional\proc\p18f4550.asm
              CCP2CONbits   0x000fba       data     extern E:\3.46\pic18-lt\cxx-framework\src\traditional\proc\p18f4550.asm
                   CCPR2L   0x000fbb       data     extern E:\3.46\pic18-lt\cxx-framework\src\traditional\proc\p18f4550.asm
                    CCPR2   0x000fbb       data     extern E:\3.46\pic18-lt\cxx-framework\src\traditional\proc\p18f4550.asm
                   CCPR2H   0x000fbc       data     extern E:\3.46\pic18-lt\cxx-framework\src\traditional\proc\p18f4550.asm
                  CCP1CON   0x000fbd       data     extern E:\3.46\pic18-lt\cxx-framework\src\traditional\proc\p18f4550.asm
                 ECCP1CON   0x000fbd       data     extern E:\3.46\pic18-lt\cxx-framework\src\traditional\proc\p18f4550.asm
              CCP1CONbits   0x000fbd       data     extern E:\3.46\pic18-lt\cxx-framework\src\traditional\proc\p18f4550.asm
             ECCP1CONbits   0x000fbd       data     extern E:\3.46\pic18-lt\cxx-framework\src\traditional\proc\p18f4550.asm
                    CCPR1   0x000fbe       data     extern E:\3.46\pic18-lt\cxx-framework\src\traditional\proc\p18f4550.asm
                   CCPR1L   0x000fbe       data     extern E:\3.46\pic18-lt\cxx-framework\src\traditional\proc\p18f4550.asm
                   CCPR1H   0x000fbf       data     extern E:\3.46\pic18-lt\cxx-framework\src\traditional\proc\p18f4550.asm
                   ADCON2   0x000fc0       data     extern E:\3.46\pic18-lt\cxx-framework\src\traditional\proc\p18f4550.asm
               ADCON2bits   0x000fc0       data     extern E:\3.46\pic18-lt\cxx-framework\src\traditional\proc\p18f4550.asm
               ADCON1bits   0x000fc1       data     extern E:\3.46\pic18-lt\cxx-framework\src\traditional\proc\p18f4550.asm
                   ADCON1   0x000fc1       data     extern E:\3.46\pic18-lt\cxx-framework\src\traditional\proc\p18f4550.asm
               ADCON0bits   0x000fc2       data     extern E:\3.46\pic18-lt\cxx-framework\src\traditional\proc\p18f4550.asm
                   ADCON0   0x000fc2       data     extern E:\3.46\pic18-lt\cxx-framework\src\traditional\proc\p18f4550.asm
                   ADRESL   0x000fc3       data     extern E:\3.46\pic18-lt\cxx-framework\src\traditional\proc\p18f4550.asm
                    ADRES   0x000fc3       data     extern E:\3.46\pic18-lt\cxx-framework\src\traditional\proc\p18f4550.asm
                   ADRESH   0x000fc4       data     extern E:\3.46\pic18-lt\cxx-framework\src\traditional\proc\p18f4550.asm
              SSPCON2bits   0x000fc5       data     extern E:\3.46\pic18-lt\cxx-framework\src\traditional\proc\p18f4550.asm
                  SSPCON2   0x000fc5       data     extern E:\3.46\pic18-lt\cxx-framework\src\traditional\proc\p18f4550.asm
              SSPCON1bits   0x000fc6       data     extern E:\3.46\pic18-lt\cxx-framework\src\traditional\proc\p18f4550.asm
                  SSPCON1   0x000fc6       data     extern E:\3.46\pic18-lt\cxx-framework\src\traditional\proc\p18f4550.asm
              SSPSTATbits   0x000fc7       data     extern E:\3.46\pic18-lt\cxx-framework\src\traditional\proc\p18f4550.asm
                  SSPSTAT   0x000fc7       data     extern E:\3.46\pic18-lt\cxx-framework\src\traditional\proc\p18f4550.asm
                   SSPADD   0x000fc8       data     extern E:\3.46\pic18-lt\cxx-framework\src\traditional\proc\p18f4550.asm
                   SSPBUF   0x000fc9       data     extern E:\3.46\pic18-lt\cxx-framework\src\traditional\proc\p18f4550.asm
                T2CONbits   0x000fca       data     extern E:\3.46\pic18-lt\cxx-framework\src\traditional\proc\p18f4550.asm
                    T2CON   0x000fca       data     extern E:\3.46\pic18-lt\cxx-framework\src\traditional\proc\p18f4550.asm
                      PR2   0x000fcb       data     extern E:\3.46\pic18-lt\cxx-framework\src\traditional\proc\p18f4550.asm
                     TMR2   0x000fcc       data     extern E:\3.46\pic18-lt\cxx-framework\src\traditional\proc\p18f4550.asm
                T1CONbits   0x000fcd       data     extern E:\3.46\pic18-lt\cxx-framework\src\traditional\proc\p18f4550.asm
                    T1CON   0x000fcd       data     extern E:\3.46\pic18-lt\cxx-framework\src\traditional\proc\p18f4550.asm
                    TMR1L   0x000fce       data     extern E:\3.46\pic18-lt\cxx-framework\src\traditional\proc\p18f4550.asm
                    TMR1H   0x000fcf       data     extern E:\3.46\pic18-lt\cxx-framework\src\traditional\proc\p18f4550.asm
                 RCONbits   0x000fd0       data     extern E:\3.46\pic18-lt\cxx-framework\src\traditional\proc\p18f4550.asm
                     RCON   0x000fd0       data     extern E:\3.46\pic18-lt\cxx-framework\src\traditional\proc\p18f4550.asm
                   WDTCON   0x000fd1       data     extern E:\3.46\pic18-lt\cxx-framework\src\traditional\proc\p18f4550.asm
               WDTCONbits   0x000fd1       data     extern E:\3.46\pic18-lt\cxx-framework\src\traditional\proc\p18f4550.asm
               LVDCONbits   0x000fd2       data     extern E:\3.46\pic18-lt\cxx-framework\src\traditional\proc\p18f4550.asm
                   LVDCON   0x000fd2       data     extern E:\3.46\pic18-lt\cxx-framework\src\traditional\proc\p18f4550.asm
              HLVDCONbits   0x000fd2       data     extern E:\3.46\pic18-lt\cxx-framework\src\traditional\proc\p18f4550.asm
                  HLVDCON   0x000fd2       data     extern E:\3.46\pic18-lt\cxx-framework\src\traditional\proc\p18f4550.asm
                   OSCCON   0x000fd3       data     extern E:\3.46\pic18-lt\cxx-framework\src\traditional\proc\p18f4550.asm
               OSCCONbits   0x000fd3       data     extern E:\3.46\pic18-lt\cxx-framework\src\traditional\proc\p18f4550.asm
                    T0CON   0x000fd5       data     extern E:\3.46\pic18-lt\cxx-framework\src\traditional\proc\p18f4550.asm
                T0CONbits   0x000fd5       data     extern E:\3.46\pic18-lt\cxx-framework\src\traditional\proc\p18f4550.asm
                    TMR0L   0x000fd6       data     extern E:\3.46\pic18-lt\cxx-framework\src\traditional\proc\p18f4550.asm
                    TMR0H   0x000fd7       data     extern E:\3.46\pic18-lt\cxx-framework\src\traditional\proc\p18f4550.asm
                   STATUS   0x000fd8       data     extern E:\3.46\pic18-lt\cxx-framework\src\traditional\proc\p18f4550.asm
               STATUSbits   0x000fd8       data     extern E:\3.46\pic18-lt\cxx-framework\src\traditional\proc\p18f4550.asm
                     FSR2   0x000fd9       data     extern E:\3.46\pic18-lt\cxx-framework\src\traditional\proc\p18f4550.asm
                    FSR2L   0x000fd9       data     extern E:\3.46\pic18-lt\cxx-framework\src\traditional\proc\p18f4550.asm
                    FSR2H   0x000fda       data     extern E:\3.46\pic18-lt\cxx-framework\src\traditional\proc\p18f4550.asm
                   PLUSW2   0x000fdb       data     extern E:\3.46\pic18-lt\cxx-framework\src\traditional\proc\p18f4550.asm
                  PREINC2   0x000fdc       data     extern E:\3.46\pic18-lt\cxx-framework\src\traditional\proc\p18f4550.asm
                 POSTDEC2   0x000fdd       data     extern E:\3.46\pic18-lt\cxx-framework\src\traditional\proc\p18f4550.asm
                 POSTINC2   0x000fde       data     extern E:\3.46\pic18-lt\cxx-framework\src\traditional\proc\p18f4550.asm
                    INDF2   0x000fdf       data     extern E:\3.46\pic18-lt\cxx-framework\src\traditional\proc\p18f4550.asm
                      BSR   0x000fe0       data     extern E:\3.46\pic18-lt\cxx-framework\src\traditional\proc\p18f4550.asm
                    FSR1L   0x000fe1       data     extern E:\3.46\pic18-lt\cxx-framework\src\traditional\proc\p18f4550.asm
                     FSR1   0x000fe1       data     extern E:\3.46\pic18-lt\cxx-framework\src\traditional\proc\p18f4550.asm
                    FSR1H   0x000fe2       data     extern E:\3.46\pic18-lt\cxx-framework\src\traditional\proc\p18f4550.asm
                   PLUSW1   0x000fe3       data     extern E:\3.46\pic18-lt\cxx-framework\src\traditional\proc\p18f4550.asm
                  PREINC1   0x000fe4       data     extern E:\3.46\pic18-lt\cxx-framework\src\traditional\proc\p18f4550.asm
                 POSTDEC1   0x000fe5       data     extern E:\3.46\pic18-lt\cxx-framework\src\traditional\proc\p18f4550.asm
                 POSTINC1   0x000fe6       data     extern E:\3.46\pic18-lt\cxx-framework\src\traditional\proc\p18f4550.asm
                    INDF1   0x000fe7       data     extern E:\3.46\pic18-lt\cxx-framework\src\traditional\proc\p18f4550.asm
                     WREG   0x000fe8       data     extern E:\3.46\pic18-lt\cxx-framework\src\traditional\proc\p18f4550.asm
                    FSR0L   0x000fe9       data     extern E:\3.46\pic18-lt\cxx-framework\src\traditional\proc\p18f4550.asm
                     FSR0   0x000fe9       data     extern E:\3.46\pic18-lt\cxx-framework\src\traditional\proc\p18f4550.asm
                    FSR0H   0x000fea       data     extern E:\3.46\pic18-lt\cxx-framework\src\traditional\proc\p18f4550.asm
                   PLUSW0   0x000feb       data     extern E:\3.46\pic18-lt\cxx-framework\src\traditional\proc\p18f4550.asm
                  PREINC0   0x000fec       data     extern E:\3.46\pic18-lt\cxx-framework\src\traditional\proc\p18f4550.asm
                 POSTDEC0   0x000fed       data     extern E:\3.46\pic18-lt\cxx-framework\src\traditional\proc\p18f4550.asm
                 POSTINC0   0x000fee       data     extern E:\3.46\pic18-lt\cxx-framework\src\traditional\proc\p18f4550.asm
                    INDF0   0x000fef       data     extern E:\3.46\pic18-lt\cxx-framework\src\traditional\proc\p18f4550.asm
              INTCON3bits   0x000ff0       data     extern E:\3.46\pic18-lt\cxx-framework\src\traditional\proc\p18f4550.asm
                  INTCON3   0x000ff0       data     extern E:\3.46\pic18-lt\cxx-framework\src\traditional\proc\p18f4550.asm
                  INTCON2   0x000ff1       data     extern E:\3.46\pic18-lt\cxx-framework\src\traditional\proc\p18f4550.asm
              INTCON2bits   0x000ff1       data     extern E:\3.46\pic18-lt\cxx-framework\src\traditional\proc\p18f4550.asm
               INTCONbits   0x000ff2       data     extern E:\3.46\pic18-lt\cxx-framework\src\traditional\proc\p18f4550.asm
                   INTCON   0x000ff2       data     extern E:\3.46\pic18-lt\cxx-framework\src\traditional\proc\p18f4550.asm
                     PROD   0x000ff3       data     extern E:\3.46\pic18-lt\cxx-framework\src\traditional\proc\p18f4550.asm
                    PRODL   0x000ff3       data     extern E:\3.46\pic18-lt\cxx-framework\src\traditional\proc\p18f4550.asm
                    PRODH   0x000ff4       data     extern E:\3.46\pic18-lt\cxx-framework\src\traditional\proc\p18f4550.asm
                   TABLAT   0x000ff5       data     extern E:\3.46\pic18-lt\cxx-framework\src\traditional\proc\p18f4550.asm
                  TBLPTRL   0x000ff6       data     extern E:\3.46\pic18-lt\cxx-framework\src\traditional\proc\p18f4550.asm
                   TBLPTR   0x000ff6       data     extern E:\3.46\pic18-lt\cxx-framework\src\traditional\proc\p18f4550.asm
                  TBLPTRH   0x000ff7       data     extern E:\3.46\pic18-lt\cxx-framework\src\traditional\proc\p18f4550.asm
                  TBLPTRU   0x000ff8       data     extern E:\3.46\pic18-lt\cxx-framework\src\traditional\proc\p18f4550.asm
                       PC   0x000ff9       data     extern E:\3.46\pic18-lt\cxx-framework\src\traditional\proc\p18f4550.asm
                      PCL   0x000ff9       data     extern E:\3.46\pic18-lt\cxx-framework\src\traditional\proc\p18f4550.asm
                   PCLATH   0x000ffa       data     extern E:\3.46\pic18-lt\cxx-framework\src\traditional\proc\p18f4550.asm
                   PCLATU   0x000ffb       data     extern E:\3.46\pic18-lt\cxx-framework\src\traditional\proc\p18f4550.asm
               STKPTRbits   0x000ffc       data     extern E:\3.46\pic18-lt\cxx-framework\src\traditional\proc\p18f4550.asm
                   STKPTR   0x000ffc       data     extern E:\3.46\pic18-lt\cxx-framework\src\traditional\proc\p18f4550.asm
                      TOS   0x000ffd       data     extern E:\3.46\pic18-lt\cxx-framework\src\traditional\proc\p18f4550.asm
                     TOSL   0x000ffd       data     extern E:\3.46\pic18-lt\cxx-framework\src\traditional\proc\p18f4550.asm
                     TOSH   0x000ffe       data     extern E:\3.46\pic18-lt\cxx-framework\src\traditional\proc\p18f4550.asm
                     TOSU   0x000fff       data     extern E:\3.46\pic18-lt\cxx-framework\src\traditional\proc\p18f4550.asm


